NEW START OF PROGRAM ---- Wed Jan  8 05:28:13 PM EET 2025
Monitorizare resurse la fiecare 2 secunde:
RAM:
               total        used        free      shared  buff/cache   available
Mem:            15Gi       6.4Gi       1.8Gi       1.4Gi       8.8Gi       8.9Gi
Swap:          4.0Gi       1.0Mi       4.0Gi
Hard Disk:
Filesystem                      Size  Used Avail Use% Mounted on
dev                             7.7G     0  7.7G   0% /dev
run                             7.7G  2.2M  7.7G   1% /run
efivarfs                        196K   83K  109K  44% /sys/firmware/efi/efivars
/dev/mapper/ArchinstallVg-root  436G  105G  331G  24% /
tmpfs                           7.7G     0  7.7G   0% /dev/shm
tmpfs                           1.0M     0  1.0M   0% /run/credentials/systemd-journald.service
/dev/mapper/ArchinstallVg-root  436G  105G  331G  24% /.snapshots
/dev/mapper/ArchinstallVg-root  436G  105G  331G  24% /home
tmpfs                           7.7G  4.0K  7.7G   1% /tmp
/dev/mapper/ArchinstallVg-root  436G  105G  331G  24% /var/cache/pacman/pkg
/dev/mapper/ArchinstallVg-root  436G  105G  331G  24% /var/log
/dev/nvme0n1p1                 1022M  186M  837M  19% /boot
tmpfs                           1.6G   84K  1.6G   1% /run/user/1000
CPU:
%Cpu(s): 14.4 us,  5.0 sy,  0.0 ni, 79.1 id,  0.0 wa,  0.7 hi,  0.7 si,  0.0 st 
Intensitate utilizare retea:
        RX packets 9802106  bytes 12022386314 (11.1 GiB)
        RX packets 6121  bytes 487992 (476.5 KiB)
        RX packets 2012160  bytes 2317075627 (2.1 GiB)
RAM:
               total        used        free      shared  buff/cache   available
Mem:            15Gi       6.3Gi       1.9Gi       1.4Gi       8.8Gi       8.9Gi
Swap:          4.0Gi       1.0Mi       4.0Gi
Hard Disk:
Filesystem                      Size  Used Avail Use% Mounted on
dev                             7.7G     0  7.7G   0% /dev
run                             7.7G  2.2M  7.7G   1% /run
efivarfs                        196K   83K  109K  44% /sys/firmware/efi/efivars
/dev/mapper/ArchinstallVg-root  436G  105G  331G  24% /
tmpfs                           7.7G     0  7.7G   0% /dev/shm
tmpfs                           1.0M     0  1.0M   0% /run/credentials/systemd-journald.service
/dev/mapper/ArchinstallVg-root  436G  105G  331G  24% /.snapshots
/dev/mapper/ArchinstallVg-root  436G  105G  331G  24% /home
tmpfs                           7.7G  4.0K  7.7G   1% /tmp
/dev/mapper/ArchinstallVg-root  436G  105G  331G  24% /var/cache/pacman/pkg
/dev/mapper/ArchinstallVg-root  436G  105G  331G  24% /var/log
/dev/nvme0n1p1                 1022M  186M  837M  19% /boot
tmpfs                           1.6G   84K  1.6G   1% /run/user/1000
CPU:
%Cpu(s):  7.5 us,  4.5 sy,  0.0 ni, 86.5 id,  0.0 wa,  0.8 hi,  0.8 si,  0.0 st 
Intensitate utilizare retea:
        RX packets 9802106  bytes 12022386314 (11.1 GiB)
        RX packets 6121  bytes 487992 (476.5 KiB)
        RX packets 2012196  bytes 2317080327 (2.1 GiB)
NEW START OF PROGRAM ---- Wed Jan  8 05:29:28 PM EET 2025
Monitorizare resurse la fiecare 2 secunde:
RAM:
               total        used        free      shared  buff/cache   available
Mem:            15Gi       6.5Gi       1.7Gi       1.4Gi       8.9Gi       8.8Gi
Swap:          4.0Gi       1.0Mi       4.0Gi
Hard Disk:
Filesystem                      Size  Used Avail Use% Mounted on
dev                             7.7G     0  7.7G   0% /dev
run                             7.7G  2.2M  7.7G   1% /run
efivarfs                        196K   83K  109K  44% /sys/firmware/efi/efivars
/dev/mapper/ArchinstallVg-root  436G  105G  331G  24% /
tmpfs                           7.7G     0  7.7G   0% /dev/shm
tmpfs                           1.0M     0  1.0M   0% /run/credentials/systemd-journald.service
/dev/mapper/ArchinstallVg-root  436G  105G  331G  24% /.snapshots
/dev/mapper/ArchinstallVg-root  436G  105G  331G  24% /home
tmpfs                           7.7G  4.0K  7.7G   1% /tmp
/dev/mapper/ArchinstallVg-root  436G  105G  331G  24% /var/cache/pacman/pkg
/dev/mapper/ArchinstallVg-root  436G  105G  331G  24% /var/log
/dev/nvme0n1p1                 1022M  186M  837M  19% /boot
tmpfs                           1.6G   92K  1.6G   1% /run/user/1000
CPU:
%Cpu(s): 10.3 us,  4.0 sy,  0.0 ni, 85.7 id,  0.0 wa,  0.0 hi,  0.0 si,  0.0 st 
Intensitate utilizare retea:
        RX packets 9802106  bytes 12022386314 (11.1 GiB)
        RX packets 6121  bytes 487992 (476.5 KiB)
        RX packets 2014460  bytes 2317533345 (2.1 GiB)
RAM:
               total        used        free      shared  buff/cache   available
Mem:            15Gi       6.4Gi       1.8Gi       1.4Gi       8.8Gi       8.9Gi
Swap:          4.0Gi       1.0Mi       4.0Gi
Hard Disk:
Filesystem                      Size  Used Avail Use% Mounted on
dev                             7.7G     0  7.7G   0% /dev
run                             7.7G  2.2M  7.7G   1% /run
efivarfs                        196K   83K  109K  44% /sys/firmware/efi/efivars
/dev/mapper/ArchinstallVg-root  436G  105G  331G  24% /
tmpfs                           7.7G     0  7.7G   0% /dev/shm
tmpfs                           1.0M     0  1.0M   0% /run/credentials/systemd-journald.service
/dev/mapper/ArchinstallVg-root  436G  105G  331G  24% /.snapshots
/dev/mapper/ArchinstallVg-root  436G  105G  331G  24% /home
tmpfs                           7.7G  4.0K  7.7G   1% /tmp
/dev/mapper/ArchinstallVg-root  436G  105G  331G  24% /var/cache/pacman/pkg
/dev/mapper/ArchinstallVg-root  436G  105G  331G  24% /var/log
/dev/nvme0n1p1                 1022M  186M  837M  19% /boot
tmpfs                           1.6G   92K  1.6G   1% /run/user/1000
CPU:
%Cpu(s): 10.6 us,  3.0 sy,  0.0 ni, 86.4 id,  0.0 wa,  0.0 hi,  0.0 si,  0.0 st 
Intensitate utilizare retea:
        RX packets 9802106  bytes 12022386314 (11.1 GiB)
        RX packets 6121  bytes 487992 (476.5 KiB)
        RX packets 2014498  bytes 2317537275 (2.1 GiB)
NEW START OF PROGRAM ---- Wed Jan  8 05:29:39 PM EET 2025
Monitorizare resurse la fiecare 2 secunde:
RAM:
               total        used        free      shared  buff/cache   available
Mem:            15Gi       6.4Gi       1.8Gi       1.4Gi       8.8Gi       8.9Gi
Swap:          4.0Gi       1.0Mi       4.0Gi
Hard Disk:
Filesystem                      Size  Used Avail Use% Mounted on
dev                             7.7G     0  7.7G   0% /dev
run                             7.7G  2.2M  7.7G   1% /run
efivarfs                        196K   83K  109K  44% /sys/firmware/efi/efivars
/dev/mapper/ArchinstallVg-root  436G  105G  331G  24% /
tmpfs                           7.7G     0  7.7G   0% /dev/shm
tmpfs                           1.0M     0  1.0M   0% /run/credentials/systemd-journald.service
/dev/mapper/ArchinstallVg-root  436G  105G  331G  24% /.snapshots
/dev/mapper/ArchinstallVg-root  436G  105G  331G  24% /home
tmpfs                           7.7G  4.0K  7.7G   1% /tmp
/dev/mapper/ArchinstallVg-root  436G  105G  331G  24% /var/cache/pacman/pkg
/dev/mapper/ArchinstallVg-root  436G  105G  331G  24% /var/log
/dev/nvme0n1p1                 1022M  186M  837M  19% /boot
tmpfs                           1.6G   92K  1.6G   1% /run/user/1000
CPU:
%Cpu(s): 12.9 us,  5.7 sy,  0.0 ni, 80.7 id,  0.0 wa,  0.7 hi,  0.0 si,  0.0 st 
Intensitate utilizare retea:
        RX packets 9802106  bytes 12022386314 (11.1 GiB)
        RX packets 6121  bytes 487992 (476.5 KiB)
        RX packets 2014809  bytes 2317582320 (2.1 GiB)
NEW START OF PROGRAM ---- Wed Jan  8 05:30:06 PM EET 2025
Operatii cu procese:
1. Pornire proces nou
2. Suspendare proces
3. Asteptare terminare procese
4. Mutare proces in background/foreground
Alege o optiune: Comanda procesului: Cloning into 'repo'...
