NEW START OF PROGRAM ---- Wed Jan  8 05:28:13 PM EET 2025
Monitorizare resurse la fiecare 2 secunde:
RAM:
               total        used        free      shared  buff/cache   available
Mem:            15Gi       6.4Gi       1.8Gi       1.4Gi       8.8Gi       8.9Gi
Swap:          4.0Gi       1.0Mi       4.0Gi
Hard Disk:
Filesystem                      Size  Used Avail Use% Mounted on
dev                             7.7G     0  7.7G   0% /dev
run                             7.7G  2.2M  7.7G   1% /run
efivarfs                        196K   83K  109K  44% /sys/firmware/efi/efivars
/dev/mapper/ArchinstallVg-root  436G  105G  331G  24% /
tmpfs                           7.7G     0  7.7G   0% /dev/shm
tmpfs                           1.0M     0  1.0M   0% /run/credentials/systemd-journald.service
/dev/mapper/ArchinstallVg-root  436G  105G  331G  24% /.snapshots
/dev/mapper/ArchinstallVg-root  436G  105G  331G  24% /home
tmpfs                           7.7G  4.0K  7.7G   1% /tmp
/dev/mapper/ArchinstallVg-root  436G  105G  331G  24% /var/cache/pacman/pkg
/dev/mapper/ArchinstallVg-root  436G  105G  331G  24% /var/log
/dev/nvme0n1p1                 1022M  186M  837M  19% /boot
tmpfs                           1.6G   84K  1.6G   1% /run/user/1000
CPU:
%Cpu(s): 14.4 us,  5.0 sy,  0.0 ni, 79.1 id,  0.0 wa,  0.7 hi,  0.7 si,  0.0 st 
Intensitate utilizare retea:
        RX packets 9802106  bytes 12022386314 (11.1 GiB)
        RX packets 6121  bytes 487992 (476.5 KiB)
        RX packets 2012160  bytes 2317075627 (2.1 GiB)
RAM:
               total        used        free      shared  buff/cache   available
Mem:            15Gi       6.3Gi       1.9Gi       1.4Gi       8.8Gi       8.9Gi
Swap:          4.0Gi       1.0Mi       4.0Gi
Hard Disk:
Filesystem                      Size  Used Avail Use% Mounted on
dev                             7.7G     0  7.7G   0% /dev
run                             7.7G  2.2M  7.7G   1% /run
efivarfs                        196K   83K  109K  44% /sys/firmware/efi/efivars
/dev/mapper/ArchinstallVg-root  436G  105G  331G  24% /
tmpfs                           7.7G     0  7.7G   0% /dev/shm
tmpfs                           1.0M     0  1.0M   0% /run/credentials/systemd-journald.service
/dev/mapper/ArchinstallVg-root  436G  105G  331G  24% /.snapshots
/dev/mapper/ArchinstallVg-root  436G  105G  331G  24% /home
tmpfs                           7.7G  4.0K  7.7G   1% /tmp
/dev/mapper/ArchinstallVg-root  436G  105G  331G  24% /var/cache/pacman/pkg
/dev/mapper/ArchinstallVg-root  436G  105G  331G  24% /var/log
/dev/nvme0n1p1                 1022M  186M  837M  19% /boot
tmpfs                           1.6G   84K  1.6G   1% /run/user/1000
CPU:
%Cpu(s):  7.5 us,  4.5 sy,  0.0 ni, 86.5 id,  0.0 wa,  0.8 hi,  0.8 si,  0.0 st 
Intensitate utilizare retea:
        RX packets 9802106  bytes 12022386314 (11.1 GiB)
        RX packets 6121  bytes 487992 (476.5 KiB)
        RX packets 2012196  bytes 2317080327 (2.1 GiB)
NEW START OF PROGRAM ---- Wed Jan  8 05:29:28 PM EET 2025
Monitorizare resurse la fiecare 2 secunde:
RAM:
               total        used        free      shared  buff/cache   available
Mem:            15Gi       6.5Gi       1.7Gi       1.4Gi       8.9Gi       8.8Gi
Swap:          4.0Gi       1.0Mi       4.0Gi
Hard Disk:
Filesystem                      Size  Used Avail Use% Mounted on
dev                             7.7G     0  7.7G   0% /dev
run                             7.7G  2.2M  7.7G   1% /run
efivarfs                        196K   83K  109K  44% /sys/firmware/efi/efivars
/dev/mapper/ArchinstallVg-root  436G  105G  331G  24% /
tmpfs                           7.7G     0  7.7G   0% /dev/shm
tmpfs                           1.0M     0  1.0M   0% /run/credentials/systemd-journald.service
/dev/mapper/ArchinstallVg-root  436G  105G  331G  24% /.snapshots
/dev/mapper/ArchinstallVg-root  436G  105G  331G  24% /home
tmpfs                           7.7G  4.0K  7.7G   1% /tmp
/dev/mapper/ArchinstallVg-root  436G  105G  331G  24% /var/cache/pacman/pkg
/dev/mapper/ArchinstallVg-root  436G  105G  331G  24% /var/log
/dev/nvme0n1p1                 1022M  186M  837M  19% /boot
tmpfs                           1.6G   92K  1.6G   1% /run/user/1000
CPU:
%Cpu(s): 10.3 us,  4.0 sy,  0.0 ni, 85.7 id,  0.0 wa,  0.0 hi,  0.0 si,  0.0 st 
Intensitate utilizare retea:
        RX packets 9802106  bytes 12022386314 (11.1 GiB)
        RX packets 6121  bytes 487992 (476.5 KiB)
        RX packets 2014460  bytes 2317533345 (2.1 GiB)
RAM:
               total        used        free      shared  buff/cache   available
Mem:            15Gi       6.4Gi       1.8Gi       1.4Gi       8.8Gi       8.9Gi
Swap:          4.0Gi       1.0Mi       4.0Gi
Hard Disk:
Filesystem                      Size  Used Avail Use% Mounted on
dev                             7.7G     0  7.7G   0% /dev
run                             7.7G  2.2M  7.7G   1% /run
efivarfs                        196K   83K  109K  44% /sys/firmware/efi/efivars
/dev/mapper/ArchinstallVg-root  436G  105G  331G  24% /
tmpfs                           7.7G     0  7.7G   0% /dev/shm
tmpfs                           1.0M     0  1.0M   0% /run/credentials/systemd-journald.service
/dev/mapper/ArchinstallVg-root  436G  105G  331G  24% /.snapshots
/dev/mapper/ArchinstallVg-root  436G  105G  331G  24% /home
tmpfs                           7.7G  4.0K  7.7G   1% /tmp
/dev/mapper/ArchinstallVg-root  436G  105G  331G  24% /var/cache/pacman/pkg
/dev/mapper/ArchinstallVg-root  436G  105G  331G  24% /var/log
/dev/nvme0n1p1                 1022M  186M  837M  19% /boot
tmpfs                           1.6G   92K  1.6G   1% /run/user/1000
CPU:
%Cpu(s): 10.6 us,  3.0 sy,  0.0 ni, 86.4 id,  0.0 wa,  0.0 hi,  0.0 si,  0.0 st 
Intensitate utilizare retea:
        RX packets 9802106  bytes 12022386314 (11.1 GiB)
        RX packets 6121  bytes 487992 (476.5 KiB)
        RX packets 2014498  bytes 2317537275 (2.1 GiB)
NEW START OF PROGRAM ---- Wed Jan  8 05:29:39 PM EET 2025
Monitorizare resurse la fiecare 2 secunde:
RAM:
               total        used        free      shared  buff/cache   available
Mem:            15Gi       6.4Gi       1.8Gi       1.4Gi       8.8Gi       8.9Gi
Swap:          4.0Gi       1.0Mi       4.0Gi
Hard Disk:
Filesystem                      Size  Used Avail Use% Mounted on
dev                             7.7G     0  7.7G   0% /dev
run                             7.7G  2.2M  7.7G   1% /run
efivarfs                        196K   83K  109K  44% /sys/firmware/efi/efivars
/dev/mapper/ArchinstallVg-root  436G  105G  331G  24% /
tmpfs                           7.7G     0  7.7G   0% /dev/shm
tmpfs                           1.0M     0  1.0M   0% /run/credentials/systemd-journald.service
/dev/mapper/ArchinstallVg-root  436G  105G  331G  24% /.snapshots
/dev/mapper/ArchinstallVg-root  436G  105G  331G  24% /home
tmpfs                           7.7G  4.0K  7.7G   1% /tmp
/dev/mapper/ArchinstallVg-root  436G  105G  331G  24% /var/cache/pacman/pkg
/dev/mapper/ArchinstallVg-root  436G  105G  331G  24% /var/log
/dev/nvme0n1p1                 1022M  186M  837M  19% /boot
tmpfs                           1.6G   92K  1.6G   1% /run/user/1000
CPU:
%Cpu(s): 12.9 us,  5.7 sy,  0.0 ni, 80.7 id,  0.0 wa,  0.7 hi,  0.0 si,  0.0 st 
Intensitate utilizare retea:
        RX packets 9802106  bytes 12022386314 (11.1 GiB)
        RX packets 6121  bytes 487992 (476.5 KiB)
        RX packets 2014809  bytes 2317582320 (2.1 GiB)
NEW START OF PROGRAM ---- Wed Jan  8 05:30:06 PM EET 2025
Operatii cu procese:
1. Pornire proces nou
2. Suspendare proces
3. Asteptare terminare procese
4. Mutare proces in background/foreground
Alege o optiune: Comanda procesului: Cloning into 'repo'...
[main 3650a30] commit
 1 file changed, 138 insertions(+)
 create mode 100644 out.log
To https://github.com/StoicaAndreiMarius/testbackup
   92580ff..3650a30  main -> main
NEW START OF PROGRAM ---- Wed Jan  8 05:31:14 PM EET 2025
Monitorizare resurse la fiecare 2 secunde:
RAM:
               total        used        free      shared  buff/cache   available
Mem:            15Gi       6.4Gi       1.8Gi       1.4Gi       8.8Gi       8.9Gi
Swap:          4.0Gi       1.0Mi       4.0Gi
Hard Disk:
Filesystem                      Size  Used Avail Use% Mounted on
dev                             7.7G     0  7.7G   0% /dev
run                             7.7G  2.2M  7.7G   1% /run
efivarfs                        196K   83K  109K  44% /sys/firmware/efi/efivars
/dev/mapper/ArchinstallVg-root  436G  105G  331G  24% /
tmpfs                           7.7G     0  7.7G   0% /dev/shm
tmpfs                           1.0M     0  1.0M   0% /run/credentials/systemd-journald.service
/dev/mapper/ArchinstallVg-root  436G  105G  331G  24% /.snapshots
/dev/mapper/ArchinstallVg-root  436G  105G  331G  24% /home
tmpfs                           7.7G  4.0K  7.7G   1% /tmp
/dev/mapper/ArchinstallVg-root  436G  105G  331G  24% /var/cache/pacman/pkg
/dev/mapper/ArchinstallVg-root  436G  105G  331G  24% /var/log
/dev/nvme0n1p1                 1022M  186M  837M  19% /boot
tmpfs                           1.6G   92K  1.6G   1% /run/user/1000
CPU:
%Cpu(s): 11.5 us,  6.2 sy,  0.0 ni, 81.5 id,  0.0 wa,  0.0 hi,  0.8 si,  0.0 st 
Intensitate utilizare retea:
        RX packets 9802106  bytes 12022386314 (11.1 GiB)
        RX packets 6121  bytes 487992 (476.5 KiB)
        RX packets 2018057  bytes 2318396724 (2.1 GiB)
RAM:
               total        used        free      shared  buff/cache   available
Mem:            15Gi       6.4Gi       1.8Gi       1.4Gi       8.8Gi       8.9Gi
Swap:          4.0Gi       1.0Mi       4.0Gi
Hard Disk:
Filesystem                      Size  Used Avail Use% Mounted on
dev                             7.7G     0  7.7G   0% /dev
run                             7.7G  2.2M  7.7G   1% /run
efivarfs                        196K   83K  109K  44% /sys/firmware/efi/efivars
/dev/mapper/ArchinstallVg-root  436G  105G  331G  24% /
tmpfs                           7.7G     0  7.7G   0% /dev/shm
tmpfs                           1.0M     0  1.0M   0% /run/credentials/systemd-journald.service
/dev/mapper/ArchinstallVg-root  436G  105G  331G  24% /.snapshots
/dev/mapper/ArchinstallVg-root  436G  105G  331G  24% /home
tmpfs                           7.7G  4.0K  7.7G   1% /tmp
/dev/mapper/ArchinstallVg-root  436G  105G  331G  24% /var/cache/pacman/pkg
/dev/mapper/ArchinstallVg-root  436G  105G  331G  24% /var/log
/dev/nvme0n1p1                 1022M  186M  837M  19% /boot
tmpfs                           1.6G   92K  1.6G   1% /run/user/1000
CPU:
%Cpu(s): 13.3 us,  3.9 sy,  0.0 ni, 82.8 id,  0.0 wa,  0.0 hi,  0.0 si,  0.0 st 
Intensitate utilizare retea:
        RX packets 9802106  bytes 12022386314 (11.1 GiB)
        RX packets 6121  bytes 487992 (476.5 KiB)
        RX packets 2018202  bytes 2318425101 (2.1 GiB)
RAM:
               total        used        free      shared  buff/cache   available
Mem:            15Gi       6.4Gi       1.8Gi       1.4Gi       8.8Gi       8.9Gi
Swap:          4.0Gi       1.0Mi       4.0Gi
Hard Disk:
Filesystem                      Size  Used Avail Use% Mounted on
dev                             7.7G     0  7.7G   0% /dev
run                             7.7G  2.2M  7.7G   1% /run
efivarfs                        196K   83K  109K  44% /sys/firmware/efi/efivars
/dev/mapper/ArchinstallVg-root  436G  105G  331G  24% /
tmpfs                           7.7G     0  7.7G   0% /dev/shm
tmpfs                           1.0M     0  1.0M   0% /run/credentials/systemd-journald.service
/dev/mapper/ArchinstallVg-root  436G  105G  331G  24% /.snapshots
/dev/mapper/ArchinstallVg-root  436G  105G  331G  24% /home
tmpfs                           7.7G  4.0K  7.7G   1% /tmp
/dev/mapper/ArchinstallVg-root  436G  105G  331G  24% /var/cache/pacman/pkg
/dev/mapper/ArchinstallVg-root  436G  105G  331G  24% /var/log
/dev/nvme0n1p1                 1022M  186M  837M  19% /boot
tmpfs                           1.6G   92K  1.6G   1% /run/user/1000
CPU:
%Cpu(s): 11.5 us,  2.3 sy,  0.0 ni, 85.5 id,  0.0 wa,  0.8 hi,  0.0 si,  0.0 st 
Intensitate utilizare retea:
        RX packets 9802106  bytes 12022386314 (11.1 GiB)
        RX packets 6121  bytes 487992 (476.5 KiB)
        RX packets 2018247  bytes 2318429358 (2.1 GiB)
NEW START OF PROGRAM ---- Wed Jan  8 05:35:18 PM EET 2025
Monitorizare resurse la fiecare 2 secunde:
RAM:
               total        used        free      shared  buff/cache   available
Mem:            15Gi       6.7Gi       1.5Gi       1.5Gi       8.9Gi       8.6Gi
Swap:          4.0Gi       1.0Mi       4.0Gi
Hard Disk:
Filesystem                      Size  Used Avail Use% Mounted on
dev                             7.7G     0  7.7G   0% /dev
run                             7.7G  2.2M  7.7G   1% /run
efivarfs                        196K   83K  109K  44% /sys/firmware/efi/efivars
/dev/mapper/ArchinstallVg-root  436G  105G  331G  24% /
tmpfs                           7.7G     0  7.7G   0% /dev/shm
tmpfs                           1.0M     0  1.0M   0% /run/credentials/systemd-journald.service
/dev/mapper/ArchinstallVg-root  436G  105G  331G  24% /.snapshots
/dev/mapper/ArchinstallVg-root  436G  105G  331G  24% /home
tmpfs                           7.7G  4.0K  7.7G   1% /tmp
/dev/mapper/ArchinstallVg-root  436G  105G  331G  24% /var/cache/pacman/pkg
/dev/mapper/ArchinstallVg-root  436G  105G  331G  24% /var/log
/dev/nvme0n1p1                 1022M  186M  837M  19% /boot
tmpfs                           1.6G   92K  1.6G   1% /run/user/1000
CPU:
%Cpu(s): 19.7 us,  7.1 sy,  4.7 ni, 67.7 id,  0.0 wa,  0.0 hi,  0.8 si,  0.0 st 
Intensitate utilizare retea:
        RX packets 9802106  bytes 12022386314 (11.1 GiB)
        RX packets 6125  bytes 488232 (476.7 KiB)
        RX packets 2027406  bytes 2321433897 (2.1 GiB)
RAM:
               total        used        free      shared  buff/cache   available
Mem:            15Gi       6.7Gi       1.5Gi       1.5Gi       8.9Gi       8.6Gi
Swap:          4.0Gi       1.0Mi       4.0Gi
Hard Disk:
Filesystem                      Size  Used Avail Use% Mounted on
dev                             7.7G     0  7.7G   0% /dev
run                             7.7G  2.2M  7.7G   1% /run
efivarfs                        196K   83K  109K  44% /sys/firmware/efi/efivars
/dev/mapper/ArchinstallVg-root  436G  105G  331G  24% /
tmpfs                           7.7G     0  7.7G   0% /dev/shm
tmpfs                           1.0M     0  1.0M   0% /run/credentials/systemd-journald.service
/dev/mapper/ArchinstallVg-root  436G  105G  331G  24% /.snapshots
/dev/mapper/ArchinstallVg-root  436G  105G  331G  24% /home
tmpfs                           7.7G  4.0K  7.7G   1% /tmp
/dev/mapper/ArchinstallVg-root  436G  105G  331G  24% /var/cache/pacman/pkg
/dev/mapper/ArchinstallVg-root  436G  105G  331G  24% /var/log
/dev/nvme0n1p1                 1022M  186M  837M  19% /boot
tmpfs                           1.6G   92K  1.6G   1% /run/user/1000
CPU:
NEW START OF PROGRAM ---- Wed Jan  8 05:36:01 PM EET 2025
Monitorizare resurse la fiecare 2 secunde:
RAM:
               total        used        free      shared  buff/cache   available
Mem:            15Gi       6.6Gi       1.5Gi       1.4Gi       8.8Gi       8.6Gi
Swap:          4.0Gi       1.0Mi       4.0Gi
Hard Disk:
Filesystem                      Size  Used Avail Use% Mounted on
dev                             7.7G     0  7.7G   0% /dev
run                             7.7G  2.2M  7.7G   1% /run
efivarfs                        196K   83K  109K  44% /sys/firmware/efi/efivars
/dev/mapper/ArchinstallVg-root  436G  105G  331G  24% /
tmpfs                           7.7G     0  7.7G   0% /dev/shm
tmpfs                           1.0M     0  1.0M   0% /run/credentials/systemd-journald.service
/dev/mapper/ArchinstallVg-root  436G  105G  331G  24% /.snapshots
/dev/mapper/ArchinstallVg-root  436G  105G  331G  24% /home
tmpfs                           7.7G  4.0K  7.7G   1% /tmp
/dev/mapper/ArchinstallVg-root  436G  105G  331G  24% /var/cache/pacman/pkg
/dev/mapper/ArchinstallVg-root  436G  105G  331G  24% /var/log
/dev/nvme0n1p1                 1022M  186M  837M  19% /boot
tmpfs                           1.6G   92K  1.6G   1% /run/user/1000
CPU:
%Cpu(s): 13.6 us,  5.0 sy,  0.0 ni, 80.7 id,  0.0 wa,  0.7 hi,  0.0 si,  0.0 st 
Intensitate utilizare retea:
        RX packets 9802106  bytes 12022386314 (11.1 GiB)
        RX packets 6125  bytes 488232 (476.7 KiB)
        RX packets 2028553  bytes 2321627488 (2.1 GiB)
RAM:
               total        used        free      shared  buff/cache   available
Mem:            15Gi       6.6Gi       1.5Gi       1.4Gi       8.8Gi       8.6Gi
Swap:          4.0Gi       1.0Mi       4.0Gi
Hard Disk:
Filesystem                      Size  Used Avail Use% Mounted on
dev                             7.7G     0  7.7G   0% /dev
run                             7.7G  2.2M  7.7G   1% /run
efivarfs                        196K   83K  109K  44% /sys/firmware/efi/efivars
/dev/mapper/ArchinstallVg-root  436G  105G  331G  24% /
tmpfs                           7.7G     0  7.7G   0% /dev/shm
tmpfs                           1.0M     0  1.0M   0% /run/credentials/systemd-journald.service
/dev/mapper/ArchinstallVg-root  436G  105G  331G  24% /.snapshots
/dev/mapper/ArchinstallVg-root  436G  105G  331G  24% /home
tmpfs                           7.7G  4.0K  7.7G   1% /tmp
/dev/mapper/ArchinstallVg-root  436G  105G  331G  24% /var/cache/pacman/pkg
/dev/mapper/ArchinstallVg-root  436G  105G  331G  24% /var/log
/dev/nvme0n1p1                 1022M  186M  837M  19% /boot
tmpfs                           1.6G   92K  1.6G   1% /run/user/1000
CPU:
%Cpu(s):  8.4 us,  3.8 sy,  0.0 ni, 87.0 id,  0.0 wa,  0.8 hi,  0.0 si,  0.0 st 
Intensitate utilizare retea:
        RX packets 9802106  bytes 12022386314 (11.1 GiB)
        RX packets 6125  bytes 488232 (476.7 KiB)
        RX packets 2028586  bytes 2321630773 (2.1 GiB)
NEW START OF PROGRAM ---- Wed Jan  8 05:37:12 PM EET 2025
Monitorizare resurse la fiecare 2 secunde:
RAM:
               total        used        free      shared  buff/cache   available
Mem:            15Gi       6.7Gi       1.5Gi       1.4Gi       8.9Gi       8.6Gi
Swap:          4.0Gi       1.0Mi       4.0Gi
Hard Disk:
Filesystem                      Size  Used Avail Use% Mounted on
dev                             7.7G     0  7.7G   0% /dev
run                             7.7G  2.2M  7.7G   1% /run
efivarfs                        196K   83K  109K  44% /sys/firmware/efi/efivars
/dev/mapper/ArchinstallVg-root  436G  105G  331G  24% /
tmpfs                           7.7G     0  7.7G   0% /dev/shm
tmpfs                           1.0M     0  1.0M   0% /run/credentials/systemd-journald.service
/dev/mapper/ArchinstallVg-root  436G  105G  331G  24% /.snapshots
/dev/mapper/ArchinstallVg-root  436G  105G  331G  24% /home
tmpfs                           7.7G  4.0K  7.7G   1% /tmp
/dev/mapper/ArchinstallVg-root  436G  105G  331G  24% /var/cache/pacman/pkg
/dev/mapper/ArchinstallVg-root  436G  105G  331G  24% /var/log
/dev/nvme0n1p1                 1022M  186M  837M  19% /boot
tmpfs                           1.6G   92K  1.6G   1% /run/user/1000
CPU:
%Cpu(s):  9.8 us,  3.0 sy,  0.0 ni, 87.1 id,  0.0 wa,  0.0 hi,  0.0 si,  0.0 st 
Intensitate utilizare retea:
        RX packets 9802106  bytes 12022386314 (11.1 GiB)
        RX packets 6125  bytes 488232 (476.7 KiB)
        RX packets 2030508  bytes 2322050015 (2.1 GiB)
RAM:
               total        used        free      shared  buff/cache   available
Mem:            15Gi       6.7Gi       1.5Gi       1.4Gi       8.8Gi       8.6Gi
Swap:          4.0Gi       1.0Mi       4.0Gi
Hard Disk:
Filesystem                      Size  Used Avail Use% Mounted on
dev                             7.7G     0  7.7G   0% /dev
run                             7.7G  2.2M  7.7G   1% /run
efivarfs                        196K   83K  109K  44% /sys/firmware/efi/efivars
/dev/mapper/ArchinstallVg-root  436G  105G  331G  24% /
tmpfs                           7.7G     0  7.7G   0% /dev/shm
tmpfs                           1.0M     0  1.0M   0% /run/credentials/systemd-journald.service
/dev/mapper/ArchinstallVg-root  436G  105G  331G  24% /.snapshots
/dev/mapper/ArchinstallVg-root  436G  105G  331G  24% /home
tmpfs                           7.7G  4.0K  7.7G   1% /tmp
/dev/mapper/ArchinstallVg-root  436G  105G  331G  24% /var/cache/pacman/pkg
/dev/mapper/ArchinstallVg-root  436G  105G  331G  24% /var/log
/dev/nvme0n1p1                 1022M  186M  837M  19% /boot
tmpfs                           1.6G   92K  1.6G   1% /run/user/1000
CPU:
%Cpu(s): 15.5 us,  3.1 sy,  0.0 ni, 80.6 id,  0.0 wa,  0.8 hi,  0.0 si,  0.0 st 
Intensitate utilizare retea:
        RX packets 9802106  bytes 12022386314 (11.1 GiB)
        RX packets 6125  bytes 488232 (476.7 KiB)
        RX packets 2030542  bytes 2322053287 (2.1 GiB)
RAM:
               total        used        free      shared  buff/cache   available
Mem:            15Gi       6.7Gi       1.5Gi       1.4Gi       8.8Gi       8.6Gi
Swap:          4.0Gi       1.0Mi       4.0Gi
Hard Disk:
Filesystem                      Size  Used Avail Use% Mounted on
dev                             7.7G     0  7.7G   0% /dev
run                             7.7G  2.2M  7.7G   1% /run
efivarfs                        196K   83K  109K  44% /sys/firmware/efi/efivars
/dev/mapper/ArchinstallVg-root  436G  105G  331G  24% /
tmpfs                           7.7G     0  7.7G   0% /dev/shm
tmpfs                           1.0M     0  1.0M   0% /run/credentials/systemd-journald.service
/dev/mapper/ArchinstallVg-root  436G  105G  331G  24% /.snapshots
/dev/mapper/ArchinstallVg-root  436G  105G  331G  24% /home
tmpfs                           7.7G  4.0K  7.7G   1% /tmp
/dev/mapper/ArchinstallVg-root  436G  105G  331G  24% /var/cache/pacman/pkg
/dev/mapper/ArchinstallVg-root  436G  105G  331G  24% /var/log
/dev/nvme0n1p1                 1022M  186M  837M  19% /boot
tmpfs                           1.6G   92K  1.6G   1% /run/user/1000
CPU:
%Cpu(s):  9.0 us,  2.2 sy,  0.0 ni, 87.3 id,  0.0 wa,  0.7 hi,  0.7 si,  0.0 st 
Intensitate utilizare retea:
        RX packets 9802106  bytes 12022386314 (11.1 GiB)
        RX packets 6125  bytes 488232 (476.7 KiB)
        RX packets 2030574  bytes 2322056434 (2.1 GiB)
NEW START OF PROGRAM ---- Wed Jan  8 05:38:28 PM EET 2025
Monitorizare resurse la fiecare 2 secunde:
RAM:
               total        used        free      shared  buff/cache   available
Mem:            15Gi       6.9Gi       1.3Gi       1.5Gi       8.9Gi       8.4Gi
Swap:          4.0Gi       1.0Mi       4.0Gi
Hard Disk:
Filesystem                      Size  Used Avail Use% Mounted on
dev                             7.7G     0  7.7G   0% /dev
run                             7.7G  2.2M  7.7G   1% /run
efivarfs                        196K   83K  109K  44% /sys/firmware/efi/efivars
/dev/mapper/ArchinstallVg-root  436G  105G  331G  24% /
tmpfs                           7.7G     0  7.7G   0% /dev/shm
tmpfs                           1.0M     0  1.0M   0% /run/credentials/systemd-journald.service
/dev/mapper/ArchinstallVg-root  436G  105G  331G  24% /.snapshots
/dev/mapper/ArchinstallVg-root  436G  105G  331G  24% /home
tmpfs                           7.7G  4.0K  7.7G   1% /tmp
/dev/mapper/ArchinstallVg-root  436G  105G  331G  24% /var/cache/pacman/pkg
/dev/mapper/ArchinstallVg-root  436G  105G  331G  24% /var/log
/dev/nvme0n1p1                 1022M  186M  837M  19% /boot
tmpfs                           1.6G   92K  1.6G   1% /run/user/1000
CPU:
%Cpu(s):  9.6 us,  2.4 sy,  0.0 ni, 87.2 id,  0.0 wa,  0.8 hi,  0.0 si,  0.0 st 
Intensitate utilizare retea:
        RX packets 9802106  bytes 12022386314 (11.1 GiB)
        RX packets 6125  bytes 488232 (476.7 KiB)
        RX packets 2032759  bytes 2322414864 (2.1 GiB)
RAM:
               total        used        free      shared  buff/cache   available
Mem:            15Gi       6.9Gi       1.3Gi       1.4Gi       8.8Gi       8.4Gi
Swap:          4.0Gi       1.0Mi       4.0Gi
Hard Disk:
Filesystem                      Size  Used Avail Use% Mounted on
dev                             7.7G     0  7.7G   0% /dev
run                             7.7G  2.2M  7.7G   1% /run
efivarfs                        196K   83K  109K  44% /sys/firmware/efi/efivars
/dev/mapper/ArchinstallVg-root  436G  105G  331G  24% /
tmpfs                           7.7G     0  7.7G   0% /dev/shm
tmpfs                           1.0M     0  1.0M   0% /run/credentials/systemd-journald.service
/dev/mapper/ArchinstallVg-root  436G  105G  331G  24% /.snapshots
/dev/mapper/ArchinstallVg-root  436G  105G  331G  24% /home
tmpfs                           7.7G  4.0K  7.7G   1% /tmp
/dev/mapper/ArchinstallVg-root  436G  105G  331G  24% /var/cache/pacman/pkg
/dev/mapper/ArchinstallVg-root  436G  105G  331G  24% /var/log
/dev/nvme0n1p1                 1022M  186M  837M  19% /boot
tmpfs                           1.6G   92K  1.6G   1% /run/user/1000
CPU:
%Cpu(s): 12.2 us,  3.1 sy,  0.0 ni, 84.7 id,  0.0 wa,  0.0 hi,  0.0 si,  0.0 st 
Intensitate utilizare retea:
        RX packets 9802106  bytes 12022386314 (11.1 GiB)
        RX packets 6125  bytes 488232 (476.7 KiB)
        RX packets 2032940  bytes 2322451766 (2.1 GiB)
RAM:
               total        used        free      shared  buff/cache   available
Mem:            15Gi       6.9Gi       1.3Gi       1.4Gi       8.9Gi       8.4Gi
Swap:          4.0Gi       1.0Mi       4.0Gi
Hard Disk:
Filesystem                      Size  Used Avail Use% Mounted on
dev                             7.7G     0  7.7G   0% /dev
run                             7.7G  2.2M  7.7G   1% /run
efivarfs                        196K   83K  109K  44% /sys/firmware/efi/efivars
/dev/mapper/ArchinstallVg-root  436G  105G  331G  24% /
tmpfs                           7.7G     0  7.7G   0% /dev/shm
tmpfs                           1.0M     0  1.0M   0% /run/credentials/systemd-journald.service
/dev/mapper/ArchinstallVg-root  436G  105G  331G  24% /.snapshots
/dev/mapper/ArchinstallVg-root  436G  105G  331G  24% /home
tmpfs                           7.7G  4.0K  7.7G   1% /tmp
/dev/mapper/ArchinstallVg-root  436G  105G  331G  24% /var/cache/pacman/pkg
/dev/mapper/ArchinstallVg-root  436G  105G  331G  24% /var/log
/dev/nvme0n1p1                 1022M  186M  837M  19% /boot
tmpfs                           1.6G   92K  1.6G   1% /run/user/1000
CPU:
%Cpu(s): 12.2 us,  0.8 sy,  0.0 ni, 85.4 id,  0.0 wa,  0.8 hi,  0.8 si,  0.0 st 
Intensitate utilizare retea:
        RX packets 9802106  bytes 12022386314 (11.1 GiB)
        RX packets 6125  bytes 488232 (476.7 KiB)
        RX packets 2032988  bytes 2322458664 (2.1 GiB)
NEW START OF PROGRAM ---- Wed Jan  8 05:39:30 PM EET 2025
Monitorizare resurse la fiecare 2 secunde:
RAM:
               total        used        free      shared  buff/cache   available
Mem:            15Gi       6.7Gi       1.5Gi       1.4Gi       8.9Gi       8.6Gi
Swap:          4.0Gi       1.0Mi       4.0Gi
Hard Disk:
Filesystem                      Size  Used Avail Use% Mounted on
dev                             7.7G     0  7.7G   0% /dev
run                             7.7G  2.2M  7.7G   1% /run
efivarfs                        196K   83K  109K  44% /sys/firmware/efi/efivars
/dev/mapper/ArchinstallVg-root  436G  105G  331G  24% /
tmpfs                           7.7G     0  7.7G   0% /dev/shm
tmpfs                           1.0M     0  1.0M   0% /run/credentials/systemd-journald.service
/dev/mapper/ArchinstallVg-root  436G  105G  331G  24% /.snapshots
/dev/mapper/ArchinstallVg-root  436G  105G  331G  24% /home
tmpfs                           7.7G  4.0K  7.7G   1% /tmp
/dev/mapper/ArchinstallVg-root  436G  105G  331G  24% /var/cache/pacman/pkg
/dev/mapper/ArchinstallVg-root  436G  105G  331G  24% /var/log
/dev/nvme0n1p1                 1022M  186M  837M  19% /boot
tmpfs                           1.6G   92K  1.6G   1% /run/user/1000
CPU:
%Cpu(s):  9.8 us,  3.0 sy,  0.0 ni, 86.4 id,  0.0 wa,  0.0 hi,  0.8 si,  0.0 st 
Intensitate utilizare retea:
        RX packets 9802106  bytes 12022386314 (11.1 GiB)
        RX packets 6125  bytes 488232 (476.7 KiB)
        RX packets 2034132  bytes 2322601544 (2.1 GiB)
RAM:
               total        used        free      shared  buff/cache   available
Mem:            15Gi       6.7Gi       1.5Gi       1.4Gi       8.8Gi       8.6Gi
Swap:          4.0Gi       1.0Mi       4.0Gi
Hard Disk:
Filesystem                      Size  Used Avail Use% Mounted on
dev                             7.7G     0  7.7G   0% /dev
run                             7.7G  2.2M  7.7G   1% /run
efivarfs                        196K   83K  109K  44% /sys/firmware/efi/efivars
/dev/mapper/ArchinstallVg-root  436G  105G  331G  24% /
tmpfs                           7.7G     0  7.7G   0% /dev/shm
tmpfs                           1.0M     0  1.0M   0% /run/credentials/systemd-journald.service
/dev/mapper/ArchinstallVg-root  436G  105G  331G  24% /.snapshots
/dev/mapper/ArchinstallVg-root  436G  105G  331G  24% /home
tmpfs                           7.7G  4.0K  7.7G   1% /tmp
/dev/mapper/ArchinstallVg-root  436G  105G  331G  24% /var/cache/pacman/pkg
/dev/mapper/ArchinstallVg-root  436G  105G  331G  24% /var/log
/dev/nvme0n1p1                 1022M  186M  837M  19% /boot
tmpfs                           1.6G   92K  1.6G   1% /run/user/1000
CPU:
%Cpu(s): 13.8 us,  5.4 sy,  0.0 ni, 80.0 id,  0.0 wa,  0.8 hi,  0.0 si,  0.0 st 
Intensitate utilizare retea:
        RX packets 9802106  bytes 12022386314 (11.1 GiB)
        RX packets 6125  bytes 488232 (476.7 KiB)
        RX packets 2034171  bytes 2322606592 (2.1 GiB)
RAM:
               total        used        free      shared  buff/cache   available
Mem:            15Gi       6.7Gi       1.5Gi       1.4Gi       8.8Gi       8.6Gi
Swap:          4.0Gi       1.0Mi       4.0Gi
Hard Disk:
Filesystem                      Size  Used Avail Use% Mounted on
dev                             7.7G     0  7.7G   0% /dev
run                             7.7G  2.2M  7.7G   1% /run
efivarfs                        196K   83K  109K  44% /sys/firmware/efi/efivars
/dev/mapper/ArchinstallVg-root  436G  105G  331G  24% /
tmpfs                           7.7G     0  7.7G   0% /dev/shm
tmpfs                           1.0M     0  1.0M   0% /run/credentials/systemd-journald.service
/dev/mapper/ArchinstallVg-root  436G  105G  331G  24% /.snapshots
/dev/mapper/ArchinstallVg-root  436G  105G  331G  24% /home
tmpfs                           7.7G  4.0K  7.7G   1% /tmp
/dev/mapper/ArchinstallVg-root  436G  105G  331G  24% /var/cache/pacman/pkg
/dev/mapper/ArchinstallVg-root  436G  105G  331G  24% /var/log
/dev/nvme0n1p1                 1022M  186M  837M  19% /boot
tmpfs                           1.6G   92K  1.6G   1% /run/user/1000
CPU:
%Cpu(s):  6.2 us,  2.3 sy,  0.0 ni, 90.6 id,  0.0 wa,  0.8 hi,  0.0 si,  0.0 st 
Intensitate utilizare retea:
        RX packets 9802106  bytes 12022386314 (11.1 GiB)
        RX packets 6125  bytes 488232 (476.7 KiB)
        RX packets 2034206  bytes 2322610171 (2.1 GiB)
NEW START OF PROGRAM ---- Wed Jan  8 05:40:37 PM EET 2025
Monitorizare resurse la fiecare 2 secunde:
RAM:
               total        used        free      shared  buff/cache   available
Mem:            15Gi       7.0Gi       1.2Gi       1.5Gi       8.9Gi       8.3Gi
Swap:          4.0Gi       1.0Mi       4.0Gi
Hard Disk:
Filesystem                      Size  Used Avail Use% Mounted on
dev                             7.7G     0  7.7G   0% /dev
run                             7.7G  2.2M  7.7G   1% /run
efivarfs                        196K   83K  109K  44% /sys/firmware/efi/efivars
/dev/mapper/ArchinstallVg-root  436G  105G  331G  24% /
tmpfs                           7.7G     0  7.7G   0% /dev/shm
tmpfs                           1.0M     0  1.0M   0% /run/credentials/systemd-journald.service
/dev/mapper/ArchinstallVg-root  436G  105G  331G  24% /.snapshots
/dev/mapper/ArchinstallVg-root  436G  105G  331G  24% /home
tmpfs                           7.7G  4.0K  7.7G   1% /tmp
/dev/mapper/ArchinstallVg-root  436G  105G  331G  24% /var/cache/pacman/pkg
/dev/mapper/ArchinstallVg-root  436G  105G  331G  24% /var/log
/dev/nvme0n1p1                 1022M  186M  837M  19% /boot
tmpfs                           1.6G   92K  1.6G   1% /run/user/1000
CPU:
%Cpu(s):  9.4 us,  2.2 sy,  0.0 ni, 87.7 id,  0.0 wa,  0.0 hi,  0.7 si,  0.0 st 
Intensitate utilizare retea:
        RX packets 9802106  bytes 12022386314 (11.1 GiB)
        RX packets 6125  bytes 488232 (476.7 KiB)
        RX packets 2035501  bytes 2322777053 (2.1 GiB)
RAM:
               total        used        free      shared  buff/cache   available
Mem:            15Gi       6.9Gi       1.3Gi       1.4Gi       8.8Gi       8.4Gi
Swap:          4.0Gi       1.0Mi       4.0Gi
Hard Disk:
Filesystem                      Size  Used Avail Use% Mounted on
dev                             7.7G     0  7.7G   0% /dev
run                             7.7G  2.2M  7.7G   1% /run
efivarfs                        196K   83K  109K  44% /sys/firmware/efi/efivars
/dev/mapper/ArchinstallVg-root  436G  105G  331G  24% /
tmpfs                           7.7G     0  7.7G   0% /dev/shm
tmpfs                           1.0M     0  1.0M   0% /run/credentials/systemd-journald.service
/dev/mapper/ArchinstallVg-root  436G  105G  331G  24% /.snapshots
/dev/mapper/ArchinstallVg-root  436G  105G  331G  24% /home
tmpfs                           7.7G  4.0K  7.7G   1% /tmp
/dev/mapper/ArchinstallVg-root  436G  105G  331G  24% /var/cache/pacman/pkg
/dev/mapper/ArchinstallVg-root  436G  105G  331G  24% /var/log
/dev/nvme0n1p1                 1022M  186M  837M  19% /boot
tmpfs                           1.6G   92K  1.6G   1% /run/user/1000
CPU:
%Cpu(s): 11.2 us,  6.7 sy,  0.0 ni, 81.3 id,  0.0 wa,  0.0 hi,  0.7 si,  0.0 st 
Intensitate utilizare retea:
        RX packets 9802106  bytes 12022386314 (11.1 GiB)
        RX packets 6125  bytes 488232 (476.7 KiB)
        RX packets 2035535  bytes 2322780531 (2.1 GiB)
NEW START OF PROGRAM ---- Wed Jan  8 05:43:41 PM EET 2025
Monitorizare resurse la fiecare 2 secunde:
RAM:
               total        used        free      shared  buff/cache   available
Mem:            15Gi       6.8Gi       1.4Gi       1.5Gi       8.9Gi       8.5Gi
Swap:          4.0Gi       1.0Mi       4.0Gi
Hard Disk:
Filesystem                      Size  Used Avail Use% Mounted on
dev                             7.7G     0  7.7G   0% /dev
run                             7.7G  2.2M  7.7G   1% /run
efivarfs                        196K   83K  109K  44% /sys/firmware/efi/efivars
/dev/mapper/ArchinstallVg-root  436G  105G  331G  24% /
tmpfs                           7.7G     0  7.7G   0% /dev/shm
tmpfs                           1.0M     0  1.0M   0% /run/credentials/systemd-journald.service
/dev/mapper/ArchinstallVg-root  436G  105G  331G  24% /.snapshots
/dev/mapper/ArchinstallVg-root  436G  105G  331G  24% /home
tmpfs                           7.7G  4.0K  7.7G   1% /tmp
/dev/mapper/ArchinstallVg-root  436G  105G  331G  24% /var/cache/pacman/pkg
/dev/mapper/ArchinstallVg-root  436G  105G  331G  24% /var/log
/dev/nvme0n1p1                 1022M  186M  837M  19% /boot
tmpfs                           1.6G   92K  1.6G   1% /run/user/1000
CPU:
%Cpu(s): 13.5 us,  9.8 sy,  2.3 ni, 69.2 id,  3.8 wa,  0.8 hi,  0.8 si,  0.0 st 
Intensitate utilizare retea:
        RX packets 9802106  bytes 12022386314 (11.1 GiB)
        RX packets 6125  bytes 488232 (476.7 KiB)
        RX packets 2041293  bytes 2323652930 (2.1 GiB)
RAM:
               total        used        free      shared  buff/cache   available
Mem:            15Gi       6.8Gi       1.4Gi       1.5Gi       8.9Gi       8.5Gi
Swap:          4.0Gi       1.0Mi       4.0Gi
Hard Disk:
Filesystem                      Size  Used Avail Use% Mounted on
dev                             7.7G     0  7.7G   0% /dev
run                             7.7G  2.2M  7.7G   1% /run
efivarfs                        196K   83K  109K  44% /sys/firmware/efi/efivars
/dev/mapper/ArchinstallVg-root  436G  105G  331G  24% /
tmpfs                           7.7G     0  7.7G   0% /dev/shm
tmpfs                           1.0M     0  1.0M   0% /run/credentials/systemd-journald.service
/dev/mapper/ArchinstallVg-root  436G  105G  331G  24% /.snapshots
/dev/mapper/ArchinstallVg-root  436G  105G  331G  24% /home
tmpfs                           7.7G  4.0K  7.7G   1% /tmp
/dev/mapper/ArchinstallVg-root  436G  105G  331G  24% /var/cache/pacman/pkg
/dev/mapper/ArchinstallVg-root  436G  105G  331G  24% /var/log
/dev/nvme0n1p1                 1022M  186M  837M  19% /boot
tmpfs                           1.6G   92K  1.6G   1% /run/user/1000
CPU:
%Cpu(s): 14.4 us,  5.3 sy,  0.8 ni, 78.0 id,  0.0 wa,  0.8 hi,  0.8 si,  0.0 st 
Intensitate utilizare retea:
        RX packets 9802106  bytes 12022386314 (11.1 GiB)
        RX packets 6125  bytes 488232 (476.7 KiB)
        RX packets 2041438  bytes 2323682397 (2.1 GiB)
RAM:
               total        used        free      shared  buff/cache   available
Mem:            15Gi       6.8Gi       1.4Gi       1.5Gi       8.9Gi       8.5Gi
Swap:          4.0Gi       1.0Mi       4.0Gi
Hard Disk:
Filesystem                      Size  Used Avail Use% Mounted on
dev                             7.7G     0  7.7G   0% /dev
run                             7.7G  2.2M  7.7G   1% /run
efivarfs                        196K   83K  109K  44% /sys/firmware/efi/efivars
/dev/mapper/ArchinstallVg-root  436G  105G  331G  24% /
tmpfs                           7.7G     0  7.7G   0% /dev/shm
tmpfs                           1.0M     0  1.0M   0% /run/credentials/systemd-journald.service
/dev/mapper/ArchinstallVg-root  436G  105G  331G  24% /.snapshots
/dev/mapper/ArchinstallVg-root  436G  105G  331G  24% /home
tmpfs                           7.7G  4.0K  7.7G   1% /tmp
/dev/mapper/ArchinstallVg-root  436G  105G  331G  24% /var/cache/pacman/pkg
/dev/mapper/ArchinstallVg-root  436G  105G  331G  24% /var/log
/dev/nvme0n1p1                 1022M  186M  837M  19% /boot
tmpfs                           1.6G   92K  1.6G   1% /run/user/1000
CPU:
%Cpu(s):  9.4 us,  3.1 sy,  0.0 ni, 85.8 id,  0.0 wa,  0.8 hi,  0.8 si,  0.0 st 
Intensitate utilizare retea:
        RX packets 9802106  bytes 12022386314 (11.1 GiB)
        RX packets 6125  bytes 488232 (476.7 KiB)
        RX packets 2041585  bytes 2323712485 (2.1 GiB)
RAM:
               total        used        free      shared  buff/cache   available
Mem:            15Gi       6.8Gi       1.4Gi       1.5Gi       9.0Gi       8.5Gi
Swap:          4.0Gi       1.0Mi       4.0Gi
Hard Disk:
Filesystem                      Size  Used Avail Use% Mounted on
dev                             7.7G     0  7.7G   0% /dev
run                             7.7G  2.2M  7.7G   1% /run
efivarfs                        196K   83K  109K  44% /sys/firmware/efi/efivars
/dev/mapper/ArchinstallVg-root  436G  105G  331G  24% /
tmpfs                           7.7G     0  7.7G   0% /dev/shm
tmpfs                           1.0M     0  1.0M   0% /run/credentials/systemd-journald.service
/dev/mapper/ArchinstallVg-root  436G  105G  331G  24% /.snapshots
/dev/mapper/ArchinstallVg-root  436G  105G  331G  24% /home
tmpfs                           7.7G  4.0K  7.7G   1% /tmp
/dev/mapper/ArchinstallVg-root  436G  105G  331G  24% /var/cache/pacman/pkg
/dev/mapper/ArchinstallVg-root  436G  105G  331G  24% /var/log
/dev/nvme0n1p1                 1022M  186M  837M  19% /boot
tmpfs                           1.6G   92K  1.6G   1% /run/user/1000
CPU:
%Cpu(s): 12.3 us,  5.4 sy,  0.0 ni, 81.5 id,  0.0 wa,  0.8 hi,  0.0 si,  0.0 st 
Intensitate utilizare retea:
        RX packets 9802106  bytes 12022386314 (11.1 GiB)
        RX packets 6125  bytes 488232 (476.7 KiB)
        RX packets 2041717  bytes 2323736615 (2.1 GiB)
NEW START OF PROGRAM ---- Wed Jan  8 05:44:54 PM EET 2025
Monitorizare resurse la fiecare 2 secunde:
RAM:
               total        used        free      shared  buff/cache   available
Mem:            15Gi       6.9Gi       1.2Gi       1.6Gi       9.0Gi       8.3Gi
Swap:          4.0Gi       1.0Mi       4.0Gi
Hard Disk:
Filesystem                      Size  Used Avail Use% Mounted on
dev                             7.7G     0  7.7G   0% /dev
run                             7.7G  2.2M  7.7G   1% /run
efivarfs                        196K   83K  109K  44% /sys/firmware/efi/efivars
/dev/mapper/ArchinstallVg-root  436G  105G  331G  24% /
tmpfs                           7.7G     0  7.7G   0% /dev/shm
tmpfs                           1.0M     0  1.0M   0% /run/credentials/systemd-journald.service
/dev/mapper/ArchinstallVg-root  436G  105G  331G  24% /.snapshots
/dev/mapper/ArchinstallVg-root  436G  105G  331G  24% /home
tmpfs                           7.7G  4.0K  7.7G   1% /tmp
/dev/mapper/ArchinstallVg-root  436G  105G  331G  24% /var/cache/pacman/pkg
/dev/mapper/ArchinstallVg-root  436G  105G  331G  24% /var/log
/dev/nvme0n1p1                 1022M  186M  837M  19% /boot
tmpfs                           1.6G   92K  1.6G   1% /run/user/1000
CPU:
%Cpu(s):  6.2 us,  3.8 sy,  0.0 ni, 89.2 id,  0.0 wa,  0.0 hi,  0.8 si,  0.0 st 
Intensitate utilizare retea:
        RX packets 9802106  bytes 12022386314 (11.1 GiB)
        RX packets 6125  bytes 488232 (476.7 KiB)
        RX packets 2044128  bytes 2324384409 (2.1 GiB)
RAM:
               total        used        free      shared  buff/cache   available
Mem:            15Gi       6.9Gi       1.3Gi       1.5Gi       8.9Gi       8.4Gi
Swap:          4.0Gi       1.0Mi       4.0Gi
Hard Disk:
Filesystem                      Size  Used Avail Use% Mounted on
dev                             7.7G     0  7.7G   0% /dev
run                             7.7G  2.2M  7.7G   1% /run
efivarfs                        196K   83K  109K  44% /sys/firmware/efi/efivars
/dev/mapper/ArchinstallVg-root  436G  105G  331G  24% /
tmpfs                           7.7G     0  7.7G   0% /dev/shm
tmpfs                           1.0M     0  1.0M   0% /run/credentials/systemd-journald.service
/dev/mapper/ArchinstallVg-root  436G  105G  331G  24% /.snapshots
/dev/mapper/ArchinstallVg-root  436G  105G  331G  24% /home
tmpfs                           7.7G  4.0K  7.7G   1% /tmp
/dev/mapper/ArchinstallVg-root  436G  105G  331G  24% /var/cache/pacman/pkg
/dev/mapper/ArchinstallVg-root  436G  105G  331G  24% /var/log
/dev/nvme0n1p1                 1022M  186M  837M  19% /boot
tmpfs                           1.6G   92K  1.6G   1% /run/user/1000
CPU:
%Cpu(s): 12.8 us,  3.8 sy,  0.0 ni, 82.7 id,  0.0 wa,  0.8 hi,  0.0 si,  0.0 st 
Intensitate utilizare retea:
        RX packets 9802106  bytes 12022386314 (11.1 GiB)
        RX packets 6125  bytes 488232 (476.7 KiB)
        RX packets 2044205  bytes 2324395300 (2.1 GiB)
NEW START OF PROGRAM ---- Wed Jan  8 05:45:28 PM EET 2025
Monitorizare resurse la fiecare 2 secunde:
RAM:
               total        used        free      shared  buff/cache   available
Mem:            15Gi       6.8Gi       1.4Gi       1.5Gi       8.9Gi       8.5Gi
Swap:          4.0Gi       1.0Mi       4.0Gi
Hard Disk:
Filesystem                      Size  Used Avail Use% Mounted on
dev                             7.7G     0  7.7G   0% /dev
run                             7.7G  2.2M  7.7G   1% /run
efivarfs                        196K   83K  109K  44% /sys/firmware/efi/efivars
/dev/mapper/ArchinstallVg-root  436G  105G  331G  24% /
tmpfs                           7.7G     0  7.7G   0% /dev/shm
tmpfs                           1.0M     0  1.0M   0% /run/credentials/systemd-journald.service
/dev/mapper/ArchinstallVg-root  436G  105G  331G  24% /.snapshots
/dev/mapper/ArchinstallVg-root  436G  105G  331G  24% /home
tmpfs                           7.7G  4.0K  7.7G   1% /tmp
/dev/mapper/ArchinstallVg-root  436G  105G  331G  24% /var/cache/pacman/pkg
/dev/mapper/ArchinstallVg-root  436G  105G  331G  24% /var/log
/dev/nvme0n1p1                 1022M  186M  837M  19% /boot
tmpfs                           1.6G   92K  1.6G   1% /run/user/1000
CPU:
%Cpu(s): 12.6 us,  2.4 sy,  0.0 ni, 84.3 id,  0.0 wa,  0.8 hi,  0.0 si,  0.0 st 
Intensitate utilizare retea:
        RX packets 9802106  bytes 12022386314 (11.1 GiB)
        RX packets 6125  bytes 488232 (476.7 KiB)
        RX packets 2045088  bytes 2324650541 (2.1 GiB)
RAM:
               total        used        free      shared  buff/cache   available
Mem:            15Gi       6.8Gi       1.4Gi       1.4Gi       8.9Gi       8.5Gi
Swap:          4.0Gi       1.0Mi       4.0Gi
Hard Disk:
Filesystem                      Size  Used Avail Use% Mounted on
dev                             7.7G     0  7.7G   0% /dev
run                             7.7G  2.2M  7.7G   1% /run
efivarfs                        196K   83K  109K  44% /sys/firmware/efi/efivars
/dev/mapper/ArchinstallVg-root  436G  105G  331G  24% /
tmpfs                           7.7G     0  7.7G   0% /dev/shm
tmpfs                           1.0M     0  1.0M   0% /run/credentials/systemd-journald.service
/dev/mapper/ArchinstallVg-root  436G  105G  331G  24% /.snapshots
/dev/mapper/ArchinstallVg-root  436G  105G  331G  24% /home
tmpfs                           7.7G  4.0K  7.7G   1% /tmp
/dev/mapper/ArchinstallVg-root  436G  105G  331G  24% /var/cache/pacman/pkg
/dev/mapper/ArchinstallVg-root  436G  105G  331G  24% /var/log
/dev/nvme0n1p1                 1022M  186M  837M  19% /boot
tmpfs                           1.6G   92K  1.6G   1% /run/user/1000
CPU:
%Cpu(s):  7.6 us,  3.1 sy,  0.0 ni, 89.3 id,  0.0 wa,  0.0 hi,  0.0 si,  0.0 st 
Intensitate utilizare retea:
        RX packets 9802106  bytes 12022386314 (11.1 GiB)
        RX packets 6125  bytes 488232 (476.7 KiB)
        RX packets 2045129  bytes 2324654683 (2.1 GiB)
NEW START OF PROGRAM ---- Wed Jan  8 05:49:40 PM EET 2025
NEW START OF PROGRAM ---- Wed Jan  8 05:50:32 PM EET 2025
Utilizare: ./script.sh [optiuni]
Optiuni:
  -m, --monitor       Monitorizeaza resursele (ex.: -m 10s)
  -p, --process       Operatii cu procese
  -c, --config        Schimbare configuratii resurse
  -t, --top           Afiseaza top procese (ex.: -t 3)
  -k, --kill          Terminare procese (ex.: -k soft, -k hard)
  -h, --help          Afiseaza acest mesaj de ajutor
  -r, --restart       Restartare proces specific
  -l, --log           Afisare loguri sistem in timp real
  -u, --usage         Afiseaza utilizarea discului pentru fiecare director
NEW START OF PROGRAM ---- Wed Jan  8 05:56:46 PM EET 2025
Monitorizare resurse la fiecare -2 secunde:
RAM:
               total        used        free      shared  buff/cache   available
Mem:            15Gi       6.5Gi       1.6Gi       1.3Gi       8.8Gi       8.7Gi
Swap:          4.0Gi       1.0Mi       4.0Gi
Hard Disk:
Filesystem                      Size  Used Avail Use% Mounted on
dev                             7.7G     0  7.7G   0% /dev
run                             7.7G  2.2M  7.7G   1% /run
efivarfs                        196K   83K  109K  44% /sys/firmware/efi/efivars
/dev/mapper/ArchinstallVg-root  436G  105G  331G  24% /
tmpfs                           7.7G     0  7.7G   0% /dev/shm
tmpfs                           1.0M     0  1.0M   0% /run/credentials/systemd-journald.service
/dev/mapper/ArchinstallVg-root  436G  105G  331G  24% /.snapshots
/dev/mapper/ArchinstallVg-root  436G  105G  331G  24% /home
tmpfs                           7.7G  4.0K  7.7G   1% /tmp
/dev/mapper/ArchinstallVg-root  436G  105G  331G  24% /var/cache/pacman/pkg
/dev/mapper/ArchinstallVg-root  436G  105G  331G  24% /var/log
/dev/nvme0n1p1                 1022M  186M  837M  19% /boot
tmpfs                           1.6G   76K  1.6G   1% /run/user/1000
CPU:
%Cpu(s): 10.2 us,  3.9 sy,  3.1 ni, 81.9 id,  0.8 wa,  0.0 hi,  0.0 si,  0.0 st 
Intensitate utilizare retea:
        RX packets 9802106  bytes 12022386314 (11.1 GiB)
        RX packets 6125  bytes 488232 (476.7 KiB)
        RX packets 2070520  bytes 2329919711 (2.1 GiB)
sleep: invalid option -- '2'
Try 'sleep --help' for more information.
RAM:
               total        used        free      shared  buff/cache   available
Mem:            15Gi       6.6Gi       1.6Gi       1.3Gi       8.8Gi       8.7Gi
Swap:          4.0Gi       1.0Mi       4.0Gi
Hard Disk:
Filesystem                      Size  Used Avail Use% Mounted on
dev                             7.7G     0  7.7G   0% /dev
run                             7.7G  2.2M  7.7G   1% /run
efivarfs                        196K   83K  109K  44% /sys/firmware/efi/efivars
/dev/mapper/ArchinstallVg-root  436G  105G  331G  24% /
tmpfs                           7.7G     0  7.7G   0% /dev/shm
tmpfs                           1.0M     0  1.0M   0% /run/credentials/systemd-journald.service
/dev/mapper/ArchinstallVg-root  436G  105G  331G  24% /.snapshots
/dev/mapper/ArchinstallVg-root  436G  105G  331G  24% /home
tmpfs                           7.7G  4.0K  7.7G   1% /tmp
/dev/mapper/ArchinstallVg-root  436G  105G  331G  24% /var/cache/pacman/pkg
/dev/mapper/ArchinstallVg-root  436G  105G  331G  24% /var/log
/dev/nvme0n1p1                 1022M  186M  837M  19% /boot
tmpfs                           1.6G   76K  1.6G   1% /run/user/1000
CPU:
%Cpu(s):  8.6 us,  2.3 sy,  0.0 ni, 88.3 id,  0.0 wa,  0.8 hi,  0.0 si,  0.0 st 
Intensitate utilizare retea:
        RX packets 9802106  bytes 12022386314 (11.1 GiB)
        RX packets 6125  bytes 488232 (476.7 KiB)
        RX packets 2070528  bytes 2329920415 (2.1 GiB)
sleep: invalid option -- '2'
Try 'sleep --help' for more information.
RAM:
               total        used        free      shared  buff/cache   available
Mem:            15Gi       6.6Gi       1.6Gi       1.3Gi       8.8Gi       8.7Gi
Swap:          4.0Gi       1.0Mi       4.0Gi
Hard Disk:
Filesystem                      Size  Used Avail Use% Mounted on
dev                             7.7G     0  7.7G   0% /dev
run                             7.7G  2.2M  7.7G   1% /run
efivarfs                        196K   83K  109K  44% /sys/firmware/efi/efivars
/dev/mapper/ArchinstallVg-root  436G  105G  331G  24% /
tmpfs                           7.7G     0  7.7G   0% /dev/shm
tmpfs                           1.0M     0  1.0M   0% /run/credentials/systemd-journald.service
/dev/mapper/ArchinstallVg-root  436G  105G  331G  24% /.snapshots
/dev/mapper/ArchinstallVg-root  436G  105G  331G  24% /home
tmpfs                           7.7G  4.0K  7.7G   1% /tmp
/dev/mapper/ArchinstallVg-root  436G  105G  331G  24% /var/cache/pacman/pkg
/dev/mapper/ArchinstallVg-root  436G  105G  331G  24% /var/log
/dev/nvme0n1p1                 1022M  186M  837M  19% /boot
tmpfs                           1.6G   76K  1.6G   1% /run/user/1000
CPU:
%Cpu(s):  7.9 us,  2.4 sy,  0.0 ni, 89.0 id,  0.8 wa,  0.0 hi,  0.0 si,  0.0 st 
Intensitate utilizare retea:
        RX packets 9802106  bytes 12022386314 (11.1 GiB)
        RX packets 6125  bytes 488232 (476.7 KiB)
        RX packets 2070531  bytes 2329921614 (2.1 GiB)
sleep: invalid option -- '2'
Try 'sleep --help' for more information.
RAM:
               total        used        free      shared  buff/cache   available
Mem:            15Gi       6.6Gi       1.6Gi       1.3Gi       8.8Gi       8.7Gi
Swap:          4.0Gi       1.0Mi       4.0Gi
Hard Disk:
Filesystem                      Size  Used Avail Use% Mounted on
dev                             7.7G     0  7.7G   0% /dev
run                             7.7G  2.2M  7.7G   1% /run
efivarfs                        196K   83K  109K  44% /sys/firmware/efi/efivars
/dev/mapper/ArchinstallVg-root  436G  105G  331G  24% /
tmpfs                           7.7G     0  7.7G   0% /dev/shm
tmpfs                           1.0M     0  1.0M   0% /run/credentials/systemd-journald.service
/dev/mapper/ArchinstallVg-root  436G  105G  331G  24% /.snapshots
/dev/mapper/ArchinstallVg-root  436G  105G  331G  24% /home
tmpfs                           7.7G  4.0K  7.7G   1% /tmp
/dev/mapper/ArchinstallVg-root  436G  105G  331G  24% /var/cache/pacman/pkg
/dev/mapper/ArchinstallVg-root  436G  105G  331G  24% /var/log
/dev/nvme0n1p1                 1022M  186M  837M  19% /boot
tmpfs                           1.6G   76K  1.6G   1% /run/user/1000
CPU:
%Cpu(s):  4.7 us,  9.3 sy,  2.3 ni, 79.8 id,  3.9 wa,  0.0 hi,  0.0 si,  0.0 st 
Intensitate utilizare retea:
        RX packets 9802106  bytes 12022386314 (11.1 GiB)
        RX packets 6125  bytes 488232 (476.7 KiB)
        RX packets 2070533  bytes 2329921782 (2.1 GiB)
sleep: invalid option -- '2'
Try 'sleep --help' for more information.
RAM:
               total        used        free      shared  buff/cache   available
Mem:            15Gi       6.6Gi       1.6Gi       1.3Gi       8.8Gi       8.7Gi
Swap:          4.0Gi       1.0Mi       4.0Gi
Hard Disk:
Filesystem                      Size  Used Avail Use% Mounted on
dev                             7.7G     0  7.7G   0% /dev
run                             7.7G  2.2M  7.7G   1% /run
efivarfs                        196K   83K  109K  44% /sys/firmware/efi/efivars
/dev/mapper/ArchinstallVg-root  436G  105G  331G  24% /
tmpfs                           7.7G     0  7.7G   0% /dev/shm
tmpfs                           1.0M     0  1.0M   0% /run/credentials/systemd-journald.service
/dev/mapper/ArchinstallVg-root  436G  105G  331G  24% /.snapshots
/dev/mapper/ArchinstallVg-root  436G  105G  331G  24% /home
tmpfs                           7.7G  4.0K  7.7G   1% /tmp
/dev/mapper/ArchinstallVg-root  436G  105G  331G  24% /var/cache/pacman/pkg
/dev/mapper/ArchinstallVg-root  436G  105G  331G  24% /var/log
/dev/nvme0n1p1                 1022M  186M  837M  19% /boot
tmpfs                           1.6G   76K  1.6G   1% /run/user/1000
CPU:
%Cpu(s):  4.6 us,  6.1 sy,  0.8 ni, 86.3 id,  1.5 wa,  0.0 hi,  0.8 si,  0.0 st 
Intensitate utilizare retea:
        RX packets 9802106  bytes 12022386314 (11.1 GiB)
        RX packets 6125  bytes 488232 (476.7 KiB)
        RX packets 2070536  bytes 2329922066 (2.1 GiB)
sleep: invalid option -- '2'
Try 'sleep --help' for more information.
RAM:
               total        used        free      shared  buff/cache   available
Mem:            15Gi       6.6Gi       1.6Gi       1.3Gi       8.8Gi       8.7Gi
Swap:          4.0Gi       1.0Mi       4.0Gi
Hard Disk:
Filesystem                      Size  Used Avail Use% Mounted on
dev                             7.7G     0  7.7G   0% /dev
run                             7.7G  2.2M  7.7G   1% /run
efivarfs                        196K   83K  109K  44% /sys/firmware/efi/efivars
/dev/mapper/ArchinstallVg-root  436G  105G  331G  24% /
tmpfs                           7.7G     0  7.7G   0% /dev/shm
tmpfs                           1.0M     0  1.0M   0% /run/credentials/systemd-journald.service
/dev/mapper/ArchinstallVg-root  436G  105G  331G  24% /.snapshots
/dev/mapper/ArchinstallVg-root  436G  105G  331G  24% /home
tmpfs                           7.7G  4.0K  7.7G   1% /tmp
/dev/mapper/ArchinstallVg-root  436G  105G  331G  24% /var/cache/pacman/pkg
/dev/mapper/ArchinstallVg-root  436G  105G  331G  24% /var/log
/dev/nvme0n1p1                 1022M  186M  837M  19% /boot
tmpfs                           1.6G   76K  1.6G   1% /run/user/1000
CPU:
%Cpu(s): 14.3 us,  4.0 sy,  0.0 ni, 80.2 id,  0.0 wa,  0.8 hi,  0.8 si,  0.0 st 
Intensitate utilizare retea:
        RX packets 9802106  bytes 12022386314 (11.1 GiB)
        RX packets 6125  bytes 488232 (476.7 KiB)
        RX packets 2070543  bytes 2329922688 (2.1 GiB)
sleep: invalid option -- '2'
Try 'sleep --help' for more information.
RAM:
               total        used        free      shared  buff/cache   available
Mem:            15Gi       6.6Gi       1.6Gi       1.3Gi       8.8Gi       8.7Gi
Swap:          4.0Gi       1.0Mi       4.0Gi
Hard Disk:
Filesystem                      Size  Used Avail Use% Mounted on
dev                             7.7G     0  7.7G   0% /dev
run                             7.7G  2.2M  7.7G   1% /run
efivarfs                        196K   83K  109K  44% /sys/firmware/efi/efivars
/dev/mapper/ArchinstallVg-root  436G  105G  331G  24% /
tmpfs                           7.7G     0  7.7G   0% /dev/shm
tmpfs                           1.0M     0  1.0M   0% /run/credentials/systemd-journald.service
/dev/mapper/ArchinstallVg-root  436G  105G  331G  24% /.snapshots
/dev/mapper/ArchinstallVg-root  436G  105G  331G  24% /home
tmpfs                           7.7G  4.0K  7.7G   1% /tmp
/dev/mapper/ArchinstallVg-root  436G  105G  331G  24% /var/cache/pacman/pkg
/dev/mapper/ArchinstallVg-root  436G  105G  331G  24% /var/log
/dev/nvme0n1p1                 1022M  186M  837M  19% /boot
tmpfs                           1.6G   76K  1.6G   1% /run/user/1000
CPU:
%Cpu(s):  9.4 us,  2.3 sy,  0.0 ni, 86.7 id,  0.0 wa,  0.8 hi,  0.8 si,  0.0 st 
Intensitate utilizare retea:
        RX packets 9802106  bytes 12022386314 (11.1 GiB)
        RX packets 6125  bytes 488232 (476.7 KiB)
        RX packets 2070545  bytes 2329922856 (2.1 GiB)
sleep: invalid option -- '2'
Try 'sleep --help' for more information.
RAM:
               total        used        free      shared  buff/cache   available
Mem:            15Gi       6.6Gi       1.6Gi       1.3Gi       8.8Gi       8.7Gi
Swap:          4.0Gi       1.0Mi       4.0Gi
Hard Disk:
Filesystem                      Size  Used Avail Use% Mounted on
dev                             7.7G     0  7.7G   0% /dev
run                             7.7G  2.2M  7.7G   1% /run
efivarfs                        196K   83K  109K  44% /sys/firmware/efi/efivars
/dev/mapper/ArchinstallVg-root  436G  105G  331G  24% /
tmpfs                           7.7G     0  7.7G   0% /dev/shm
tmpfs                           1.0M     0  1.0M   0% /run/credentials/systemd-journald.service
/dev/mapper/ArchinstallVg-root  436G  105G  331G  24% /.snapshots
/dev/mapper/ArchinstallVg-root  436G  105G  331G  24% /home
tmpfs                           7.7G  4.0K  7.7G   1% /tmp
/dev/mapper/ArchinstallVg-root  436G  105G  331G  24% /var/cache/pacman/pkg
/dev/mapper/ArchinstallVg-root  436G  105G  331G  24% /var/log
/dev/nvme0n1p1                 1022M  186M  837M  19% /boot
tmpfs                           1.6G   76K  1.6G   1% /run/user/1000
CPU:
%Cpu(s):  7.5 us,  3.0 sy,  0.0 ni, 88.0 id,  0.0 wa,  0.8 hi,  0.8 si,  0.0 st 
Intensitate utilizare retea:
        RX packets 9802106  bytes 12022386314 (11.1 GiB)
        RX packets 6125  bytes 488232 (476.7 KiB)
        RX packets 2070547  bytes 2329923024 (2.1 GiB)
sleep: invalid option -- '2'
Try 'sleep --help' for more information.
RAM:
               total        used        free      shared  buff/cache   available
Mem:            15Gi       6.6Gi       1.6Gi       1.3Gi       8.8Gi       8.7Gi
Swap:          4.0Gi       1.0Mi       4.0Gi
Hard Disk:
Filesystem                      Size  Used Avail Use% Mounted on
dev                             7.7G     0  7.7G   0% /dev
run                             7.7G  2.2M  7.7G   1% /run
efivarfs                        196K   83K  109K  44% /sys/firmware/efi/efivars
/dev/mapper/ArchinstallVg-root  436G  105G  331G  24% /
tmpfs                           7.7G     0  7.7G   0% /dev/shm
tmpfs                           1.0M     0  1.0M   0% /run/credentials/systemd-journald.service
/dev/mapper/ArchinstallVg-root  436G  105G  331G  24% /.snapshots
/dev/mapper/ArchinstallVg-root  436G  105G  331G  24% /home
tmpfs                           7.7G  4.0K  7.7G   1% /tmp
/dev/mapper/ArchinstallVg-root  436G  105G  331G  24% /var/cache/pacman/pkg
/dev/mapper/ArchinstallVg-root  436G  105G  331G  24% /var/log
/dev/nvme0n1p1                 1022M  186M  837M  19% /boot
tmpfs                           1.6G   76K  1.6G   1% /run/user/1000
CPU:
%Cpu(s):  4.0 us,  1.6 sy,  0.0 ni, 91.9 id,  0.0 wa,  1.6 hi,  0.8 si,  0.0 st 
Intensitate utilizare retea:
        RX packets 9802106  bytes 12022386314 (11.1 GiB)
        RX packets 6125  bytes 488232 (476.7 KiB)
        RX packets 2070548  bytes 2329923108 (2.1 GiB)
sleep: invalid option -- '2'
Try 'sleep --help' for more information.
RAM:
               total        used        free      shared  buff/cache   available
Mem:            15Gi       6.6Gi       1.6Gi       1.3Gi       8.8Gi       8.7Gi
Swap:          4.0Gi       1.0Mi       4.0Gi
Hard Disk:
Filesystem                      Size  Used Avail Use% Mounted on
dev                             7.7G     0  7.7G   0% /dev
run                             7.7G  2.2M  7.7G   1% /run
efivarfs                        196K   83K  109K  44% /sys/firmware/efi/efivars
/dev/mapper/ArchinstallVg-root  436G  105G  331G  24% /
tmpfs                           7.7G     0  7.7G   0% /dev/shm
tmpfs                           1.0M     0  1.0M   0% /run/credentials/systemd-journald.service
/dev/mapper/ArchinstallVg-root  436G  105G  331G  24% /.snapshots
/dev/mapper/ArchinstallVg-root  436G  105G  331G  24% /home
tmpfs                           7.7G  4.0K  7.7G   1% /tmp
/dev/mapper/ArchinstallVg-root  436G  105G  331G  24% /var/cache/pacman/pkg
/dev/mapper/ArchinstallVg-root  436G  105G  331G  24% /var/log
/dev/nvme0n1p1                 1022M  186M  837M  19% /boot
tmpfs                           1.6G   76K  1.6G   1% /run/user/1000
CPU:
%Cpu(s):  3.2 us,  0.8 sy,  0.0 ni, 94.4 id,  0.0 wa,  1.6 hi,  0.0 si,  0.0 st 
Intensitate utilizare retea:
        RX packets 9802106  bytes 12022386314 (11.1 GiB)
        RX packets 6125  bytes 488232 (476.7 KiB)
        RX packets 2070555  bytes 2329923740 (2.1 GiB)
sleep: invalid option -- '2'
Try 'sleep --help' for more information.
RAM:
               total        used        free      shared  buff/cache   available
Mem:            15Gi       6.6Gi       1.6Gi       1.3Gi       8.8Gi       8.7Gi
Swap:          4.0Gi       1.0Mi       4.0Gi
Hard Disk:
Filesystem                      Size  Used Avail Use% Mounted on
dev                             7.7G     0  7.7G   0% /dev
run                             7.7G  2.2M  7.7G   1% /run
efivarfs                        196K   83K  109K  44% /sys/firmware/efi/efivars
/dev/mapper/ArchinstallVg-root  436G  105G  331G  24% /
tmpfs                           7.7G     0  7.7G   0% /dev/shm
tmpfs                           1.0M     0  1.0M   0% /run/credentials/systemd-journald.service
/dev/mapper/ArchinstallVg-root  436G  105G  331G  24% /.snapshots
/dev/mapper/ArchinstallVg-root  436G  105G  331G  24% /home
tmpfs                           7.7G  4.0K  7.7G   1% /tmp
/dev/mapper/ArchinstallVg-root  436G  105G  331G  24% /var/cache/pacman/pkg
/dev/mapper/ArchinstallVg-root  436G  105G  331G  24% /var/log
/dev/nvme0n1p1                 1022M  186M  837M  19% /boot
tmpfs                           1.6G   76K  1.6G   1% /run/user/1000
CPU:
%Cpu(s):  3.3 us,  0.8 sy,  0.0 ni, 94.3 id,  0.0 wa,  1.6 hi,  0.0 si,  0.0 st 
Intensitate utilizare retea:
        RX packets 9802106  bytes 12022386314 (11.1 GiB)
        RX packets 6125  bytes 488232 (476.7 KiB)
        RX packets 2070556  bytes 2329923824 (2.1 GiB)
sleep: invalid option -- '2'
Try 'sleep --help' for more information.
RAM:
               total        used        free      shared  buff/cache   available
Mem:            15Gi       6.6Gi       1.6Gi       1.3Gi       8.8Gi       8.7Gi
Swap:          4.0Gi       1.0Mi       4.0Gi
Hard Disk:
Filesystem                      Size  Used Avail Use% Mounted on
dev                             7.7G     0  7.7G   0% /dev
run                             7.7G  2.2M  7.7G   1% /run
efivarfs                        196K   83K  109K  44% /sys/firmware/efi/efivars
/dev/mapper/ArchinstallVg-root  436G  105G  331G  24% /
tmpfs                           7.7G     0  7.7G   0% /dev/shm
tmpfs                           1.0M     0  1.0M   0% /run/credentials/systemd-journald.service
/dev/mapper/ArchinstallVg-root  436G  105G  331G  24% /.snapshots
/dev/mapper/ArchinstallVg-root  436G  105G  331G  24% /home
tmpfs                           7.7G  4.0K  7.7G   1% /tmp
/dev/mapper/ArchinstallVg-root  436G  105G  331G  24% /var/cache/pacman/pkg
/dev/mapper/ArchinstallVg-root  436G  105G  331G  24% /var/log
/dev/nvme0n1p1                 1022M  186M  837M  19% /boot
tmpfs                           1.6G   76K  1.6G   1% /run/user/1000
CPU:
%Cpu(s):  3.2 us,  1.6 sy,  0.0 ni, 92.9 id,  0.0 wa,  1.6 hi,  0.8 si,  0.0 st 
Intensitate utilizare retea:
        RX packets 9802106  bytes 12022386314 (11.1 GiB)
        RX packets 6125  bytes 488232 (476.7 KiB)
        RX packets 2070558  bytes 2329923992 (2.1 GiB)
sleep: invalid option -- '2'
Try 'sleep --help' for more information.
RAM:
               total        used        free      shared  buff/cache   available
Mem:            15Gi       6.6Gi       1.6Gi       1.3Gi       8.8Gi       8.7Gi
Swap:          4.0Gi       1.0Mi       4.0Gi
Hard Disk:
Filesystem                      Size  Used Avail Use% Mounted on
dev                             7.7G     0  7.7G   0% /dev
run                             7.7G  2.2M  7.7G   1% /run
efivarfs                        196K   83K  109K  44% /sys/firmware/efi/efivars
/dev/mapper/ArchinstallVg-root  436G  105G  331G  24% /
tmpfs                           7.7G     0  7.7G   0% /dev/shm
tmpfs                           1.0M     0  1.0M   0% /run/credentials/systemd-journald.service
/dev/mapper/ArchinstallVg-root  436G  105G  331G  24% /.snapshots
/dev/mapper/ArchinstallVg-root  436G  105G  331G  24% /home
tmpfs                           7.7G  4.0K  7.7G   1% /tmp
/dev/mapper/ArchinstallVg-root  436G  105G  331G  24% /var/cache/pacman/pkg
/dev/mapper/ArchinstallVg-root  436G  105G  331G  24% /var/log
/dev/nvme0n1p1                 1022M  186M  837M  19% /boot
tmpfs                           1.6G   76K  1.6G   1% /run/user/1000
CPU:
%Cpu(s):  4.1 us,  1.6 sy,  0.0 ni, 92.7 id,  0.0 wa,  1.6 hi,  0.0 si,  0.0 st 
Intensitate utilizare retea:
        RX packets 9802106  bytes 12022386314 (11.1 GiB)
        RX packets 6125  bytes 488232 (476.7 KiB)
        RX packets 2070564  bytes 2329924607 (2.1 GiB)
sleep: invalid option -- '2'
Try 'sleep --help' for more information.
RAM:
               total        used        free      shared  buff/cache   available
Mem:            15Gi       6.6Gi       1.6Gi       1.3Gi       8.8Gi       8.7Gi
Swap:          4.0Gi       1.0Mi       4.0Gi
Hard Disk:
Filesystem                      Size  Used Avail Use% Mounted on
dev                             7.7G     0  7.7G   0% /dev
run                             7.7G  2.2M  7.7G   1% /run
efivarfs                        196K   83K  109K  44% /sys/firmware/efi/efivars
/dev/mapper/ArchinstallVg-root  436G  105G  331G  24% /
tmpfs                           7.7G     0  7.7G   0% /dev/shm
tmpfs                           1.0M     0  1.0M   0% /run/credentials/systemd-journald.service
/dev/mapper/ArchinstallVg-root  436G  105G  331G  24% /.snapshots
/dev/mapper/ArchinstallVg-root  436G  105G  331G  24% /home
tmpfs                           7.7G  4.0K  7.7G   1% /tmp
/dev/mapper/ArchinstallVg-root  436G  105G  331G  24% /var/cache/pacman/pkg
/dev/mapper/ArchinstallVg-root  436G  105G  331G  24% /var/log
/dev/nvme0n1p1                 1022M  186M  837M  19% /boot
tmpfs                           1.6G   76K  1.6G   1% /run/user/1000
CPU:
%Cpu(s):  6.4 us,  0.8 sy,  0.0 ni, 91.2 id,  0.0 wa,  1.6 hi,  0.0 si,  0.0 st 
Intensitate utilizare retea:
        RX packets 9802106  bytes 12022386314 (11.1 GiB)
        RX packets 6125  bytes 488232 (476.7 KiB)
        RX packets 2070565  bytes 2329924691 (2.1 GiB)
sleep: invalid option -- '2'
Try 'sleep --help' for more information.
RAM:
               total        used        free      shared  buff/cache   available
Mem:            15Gi       6.6Gi       1.6Gi       1.3Gi       8.8Gi       8.7Gi
Swap:          4.0Gi       1.0Mi       4.0Gi
Hard Disk:
Filesystem                      Size  Used Avail Use% Mounted on
dev                             7.7G     0  7.7G   0% /dev
run                             7.7G  2.2M  7.7G   1% /run
efivarfs                        196K   83K  109K  44% /sys/firmware/efi/efivars
/dev/mapper/ArchinstallVg-root  436G  105G  331G  24% /
tmpfs                           7.7G     0  7.7G   0% /dev/shm
tmpfs                           1.0M     0  1.0M   0% /run/credentials/systemd-journald.service
/dev/mapper/ArchinstallVg-root  436G  105G  331G  24% /.snapshots
/dev/mapper/ArchinstallVg-root  436G  105G  331G  24% /home
tmpfs                           7.7G  4.0K  7.7G   1% /tmp
/dev/mapper/ArchinstallVg-root  436G  105G  331G  24% /var/cache/pacman/pkg
/dev/mapper/ArchinstallVg-root  436G  105G  331G  24% /var/log
/dev/nvme0n1p1                 1022M  186M  837M  19% /boot
tmpfs                           1.6G   76K  1.6G   1% /run/user/1000
CPU:
%Cpu(s): 15.3 us,  1.6 sy,  0.0 ni, 81.5 id,  0.0 wa,  1.6 hi,  0.0 si,  0.0 st 
Intensitate utilizare retea:
        RX packets 9802106  bytes 12022386314 (11.1 GiB)
        RX packets 6125  bytes 488232 (476.7 KiB)
        RX packets 2070571  bytes 2329925275 (2.1 GiB)
sleep: invalid option -- '2'
Try 'sleep --help' for more information.
RAM:
               total        used        free      shared  buff/cache   available
Mem:            15Gi       6.6Gi       1.6Gi       1.3Gi       8.8Gi       8.7Gi
Swap:          4.0Gi       1.0Mi       4.0Gi
Hard Disk:
Filesystem                      Size  Used Avail Use% Mounted on
dev                             7.7G     0  7.7G   0% /dev
run                             7.7G  2.2M  7.7G   1% /run
efivarfs                        196K   83K  109K  44% /sys/firmware/efi/efivars
/dev/mapper/ArchinstallVg-root  436G  105G  331G  24% /
tmpfs                           7.7G     0  7.7G   0% /dev/shm
tmpfs                           1.0M     0  1.0M   0% /run/credentials/systemd-journald.service
/dev/mapper/ArchinstallVg-root  436G  105G  331G  24% /.snapshots
/dev/mapper/ArchinstallVg-root  436G  105G  331G  24% /home
tmpfs                           7.7G  4.0K  7.7G   1% /tmp
/dev/mapper/ArchinstallVg-root  436G  105G  331G  24% /var/cache/pacman/pkg
/dev/mapper/ArchinstallVg-root  436G  105G  331G  24% /var/log
/dev/nvme0n1p1                 1022M  186M  837M  19% /boot
tmpfs                           1.6G   76K  1.6G   1% /run/user/1000
CPU:
%Cpu(s):  2.4 us,  2.4 sy,  0.0 ni, 93.6 id,  0.0 wa,  1.6 hi,  0.0 si,  0.0 st 
Intensitate utilizare retea:
        RX packets 9802106  bytes 12022386314 (11.1 GiB)
        RX packets 6125  bytes 488232 (476.7 KiB)
        RX packets 2070575  bytes 2329925710 (2.1 GiB)
sleep: invalid option -- '2'
Try 'sleep --help' for more information.
RAM:
               total        used        free      shared  buff/cache   available
Mem:            15Gi       6.6Gi       1.6Gi       1.3Gi       8.8Gi       8.7Gi
Swap:          4.0Gi       1.0Mi       4.0Gi
Hard Disk:
Filesystem                      Size  Used Avail Use% Mounted on
dev                             7.7G     0  7.7G   0% /dev
run                             7.7G  2.2M  7.7G   1% /run
efivarfs                        196K   83K  109K  44% /sys/firmware/efi/efivars
/dev/mapper/ArchinstallVg-root  436G  105G  331G  24% /
tmpfs                           7.7G     0  7.7G   0% /dev/shm
tmpfs                           1.0M     0  1.0M   0% /run/credentials/systemd-journald.service
/dev/mapper/ArchinstallVg-root  436G  105G  331G  24% /.snapshots
/dev/mapper/ArchinstallVg-root  436G  105G  331G  24% /home
tmpfs                           7.7G  4.0K  7.7G   1% /tmp
/dev/mapper/ArchinstallVg-root  436G  105G  331G  24% /var/cache/pacman/pkg
/dev/mapper/ArchinstallVg-root  436G  105G  331G  24% /var/log
/dev/nvme0n1p1                 1022M  186M  837M  19% /boot
tmpfs                           1.6G   76K  1.6G   1% /run/user/1000
CPU:
%Cpu(s):  7.4 us,  4.4 sy,  0.0 ni, 85.9 id,  0.7 wa,  0.7 hi,  0.7 si,  0.0 st 
Intensitate utilizare retea:
        RX packets 9802106  bytes 12022386314 (11.1 GiB)
        RX packets 6125  bytes 488232 (476.7 KiB)
        RX packets 2070577  bytes 2329925878 (2.1 GiB)
sleep: invalid option -- '2'
Try 'sleep --help' for more information.
RAM:
               total        used        free      shared  buff/cache   available
Mem:            15Gi       6.6Gi       1.6Gi       1.3Gi       8.8Gi       8.7Gi
Swap:          4.0Gi       1.0Mi       4.0Gi
Hard Disk:
Filesystem                      Size  Used Avail Use% Mounted on
dev                             7.7G     0  7.7G   0% /dev
run                             7.7G  2.2M  7.7G   1% /run
efivarfs                        196K   83K  109K  44% /sys/firmware/efi/efivars
/dev/mapper/ArchinstallVg-root  436G  105G  331G  24% /
tmpfs                           7.7G     0  7.7G   0% /dev/shm
tmpfs                           1.0M     0  1.0M   0% /run/credentials/systemd-journald.service
/dev/mapper/ArchinstallVg-root  436G  105G  331G  24% /.snapshots
/dev/mapper/ArchinstallVg-root  436G  105G  331G  24% /home
tmpfs                           7.7G  4.0K  7.7G   1% /tmp
/dev/mapper/ArchinstallVg-root  436G  105G  331G  24% /var/cache/pacman/pkg
/dev/mapper/ArchinstallVg-root  436G  105G  331G  24% /var/log
/dev/nvme0n1p1                 1022M  186M  837M  19% /boot
tmpfs                           1.6G   76K  1.6G   1% /run/user/1000
CPU:
%Cpu(s):  9.6 us,  2.2 sy,  0.0 ni, 86.7 id,  0.0 wa,  0.7 hi,  0.7 si,  0.0 st 
Intensitate utilizare retea:
        RX packets 9802106  bytes 12022386314 (11.1 GiB)
        RX packets 6125  bytes 488232 (476.7 KiB)
        RX packets 2070579  bytes 2329926046 (2.1 GiB)
sleep: invalid option -- '2'
Try 'sleep --help' for more information.
RAM:
               total        used        free      shared  buff/cache   available
Mem:            15Gi       6.6Gi       1.6Gi       1.3Gi       8.8Gi       8.7Gi
Swap:          4.0Gi       1.0Mi       4.0Gi
Hard Disk:
Filesystem                      Size  Used Avail Use% Mounted on
dev                             7.7G     0  7.7G   0% /dev
run                             7.7G  2.2M  7.7G   1% /run
efivarfs                        196K   83K  109K  44% /sys/firmware/efi/efivars
/dev/mapper/ArchinstallVg-root  436G  105G  331G  24% /
tmpfs                           7.7G     0  7.7G   0% /dev/shm
tmpfs                           1.0M     0  1.0M   0% /run/credentials/systemd-journald.service
/dev/mapper/ArchinstallVg-root  436G  105G  331G  24% /.snapshots
/dev/mapper/ArchinstallVg-root  436G  105G  331G  24% /home
tmpfs                           7.7G  4.0K  7.7G   1% /tmp
/dev/mapper/ArchinstallVg-root  436G  105G  331G  24% /var/cache/pacman/pkg
/dev/mapper/ArchinstallVg-root  436G  105G  331G  24% /var/log
/dev/nvme0n1p1                 1022M  186M  837M  19% /boot
tmpfs                           1.6G   76K  1.6G   1% /run/user/1000
CPU:
%Cpu(s):  3.3 us,  0.8 sy,  0.0 ni, 94.3 id,  0.0 wa,  1.6 hi,  0.0 si,  0.0 st 
Intensitate utilizare retea:
        RX packets 9802106  bytes 12022386314 (11.1 GiB)
        RX packets 6125  bytes 488232 (476.7 KiB)
        RX packets 2070582  bytes 2329926330 (2.1 GiB)
sleep: invalid option -- '2'
Try 'sleep --help' for more information.
RAM:
               total        used        free      shared  buff/cache   available
Mem:            15Gi       6.6Gi       1.6Gi       1.3Gi       8.8Gi       8.7Gi
Swap:          4.0Gi       1.0Mi       4.0Gi
Hard Disk:
Filesystem                      Size  Used Avail Use% Mounted on
dev                             7.7G     0  7.7G   0% /dev
run                             7.7G  2.2M  7.7G   1% /run
efivarfs                        196K   83K  109K  44% /sys/firmware/efi/efivars
/dev/mapper/ArchinstallVg-root  436G  105G  331G  24% /
tmpfs                           7.7G     0  7.7G   0% /dev/shm
tmpfs                           1.0M     0  1.0M   0% /run/credentials/systemd-journald.service
/dev/mapper/ArchinstallVg-root  436G  105G  331G  24% /.snapshots
/dev/mapper/ArchinstallVg-root  436G  105G  331G  24% /home
tmpfs                           7.7G  4.0K  7.7G   1% /tmp
/dev/mapper/ArchinstallVg-root  436G  105G  331G  24% /var/cache/pacman/pkg
/dev/mapper/ArchinstallVg-root  436G  105G  331G  24% /var/log
/dev/nvme0n1p1                 1022M  186M  837M  19% /boot
tmpfs                           1.6G   76K  1.6G   1% /run/user/1000
CPU:
%Cpu(s): 11.6 us,  4.3 sy,  0.0 ni, 83.3 id,  0.0 wa,  0.7 hi,  0.0 si,  0.0 st 
Intensitate utilizare retea:
        RX packets 9802106  bytes 12022386314 (11.1 GiB)
        RX packets 6125  bytes 488232 (476.7 KiB)
        RX packets 2070590  bytes 2329926976 (2.1 GiB)
sleep: invalid option -- '2'
Try 'sleep --help' for more information.
RAM:
               total        used        free      shared  buff/cache   available
Mem:            15Gi       6.6Gi       1.6Gi       1.3Gi       8.8Gi       8.7Gi
Swap:          4.0Gi       1.0Mi       4.0Gi
Hard Disk:
Filesystem                      Size  Used Avail Use% Mounted on
dev                             7.7G     0  7.7G   0% /dev
run                             7.7G  2.2M  7.7G   1% /run
efivarfs                        196K   83K  109K  44% /sys/firmware/efi/efivars
/dev/mapper/ArchinstallVg-root  436G  105G  331G  24% /
tmpfs                           7.7G     0  7.7G   0% /dev/shm
tmpfs                           1.0M     0  1.0M   0% /run/credentials/systemd-journald.service
/dev/mapper/ArchinstallVg-root  436G  105G  331G  24% /.snapshots
/dev/mapper/ArchinstallVg-root  436G  105G  331G  24% /home
tmpfs                           7.7G  4.0K  7.7G   1% /tmp
/dev/mapper/ArchinstallVg-root  436G  105G  331G  24% /var/cache/pacman/pkg
/dev/mapper/ArchinstallVg-root  436G  105G  331G  24% /var/log
/dev/nvme0n1p1                 1022M  186M  837M  19% /boot
tmpfs                           1.6G   76K  1.6G   1% /run/user/1000
CPU:
%Cpu(s): 13.3 us,  2.3 sy,  0.0 ni, 83.6 id,  0.0 wa,  0.8 hi,  0.0 si,  0.0 st 
Intensitate utilizare retea:
        RX packets 9802106  bytes 12022386314 (11.1 GiB)
        RX packets 6125  bytes 488232 (476.7 KiB)
        RX packets 2070592  bytes 2329927144 (2.1 GiB)
sleep: invalid option -- '2'
Try 'sleep --help' for more information.
RAM:
               total        used        free      shared  buff/cache   available
Mem:            15Gi       6.6Gi       1.6Gi       1.3Gi       8.8Gi       8.7Gi
Swap:          4.0Gi       1.0Mi       4.0Gi
Hard Disk:
Filesystem                      Size  Used Avail Use% Mounted on
dev                             7.7G     0  7.7G   0% /dev
run                             7.7G  2.2M  7.7G   1% /run
efivarfs                        196K   83K  109K  44% /sys/firmware/efi/efivars
/dev/mapper/ArchinstallVg-root  436G  105G  331G  24% /
tmpfs                           7.7G     0  7.7G   0% /dev/shm
tmpfs                           1.0M     0  1.0M   0% /run/credentials/systemd-journald.service
/dev/mapper/ArchinstallVg-root  436G  105G  331G  24% /.snapshots
/dev/mapper/ArchinstallVg-root  436G  105G  331G  24% /home
tmpfs                           7.7G  4.0K  7.7G   1% /tmp
/dev/mapper/ArchinstallVg-root  436G  105G  331G  24% /var/cache/pacman/pkg
/dev/mapper/ArchinstallVg-root  436G  105G  331G  24% /var/log
/dev/nvme0n1p1                 1022M  186M  837M  19% /boot
tmpfs                           1.6G   76K  1.6G   1% /run/user/1000
CPU:
%Cpu(s):  3.9 us,  2.4 sy,  0.0 ni, 92.1 id,  0.0 wa,  1.6 hi,  0.0 si,  0.0 st 
Intensitate utilizare retea:
        RX packets 9802106  bytes 12022386314 (11.1 GiB)
        RX packets 6125  bytes 488232 (476.7 KiB)
        RX packets 2070595  bytes 2329927399 (2.1 GiB)
sleep: invalid option -- '2'
Try 'sleep --help' for more information.
RAM:
               total        used        free      shared  buff/cache   available
Mem:            15Gi       6.6Gi       1.6Gi       1.3Gi       8.8Gi       8.7Gi
Swap:          4.0Gi       1.0Mi       4.0Gi
Hard Disk:
Filesystem                      Size  Used Avail Use% Mounted on
dev                             7.7G     0  7.7G   0% /dev
run                             7.7G  2.2M  7.7G   1% /run
efivarfs                        196K   83K  109K  44% /sys/firmware/efi/efivars
/dev/mapper/ArchinstallVg-root  436G  105G  331G  24% /
tmpfs                           7.7G     0  7.7G   0% /dev/shm
tmpfs                           1.0M     0  1.0M   0% /run/credentials/systemd-journald.service
/dev/mapper/ArchinstallVg-root  436G  105G  331G  24% /.snapshots
/dev/mapper/ArchinstallVg-root  436G  105G  331G  24% /home
tmpfs                           7.7G  4.0K  7.7G   1% /tmp
/dev/mapper/ArchinstallVg-root  436G  105G  331G  24% /var/cache/pacman/pkg
/dev/mapper/ArchinstallVg-root  436G  105G  331G  24% /var/log
/dev/nvme0n1p1                 1022M  186M  837M  19% /boot
tmpfs                           1.6G   76K  1.6G   1% /run/user/1000
CPU:
%Cpu(s):  3.1 us,  1.6 sy,  0.0 ni, 92.9 id,  0.0 wa,  1.6 hi,  0.8 si,  0.0 st 
Intensitate utilizare retea:
        RX packets 9802106  bytes 12022386314 (11.1 GiB)
        RX packets 6125  bytes 488232 (476.7 KiB)
        RX packets 2070599  bytes 2329927767 (2.1 GiB)
sleep: invalid option -- '2'
Try 'sleep --help' for more information.
RAM:
               total        used        free      shared  buff/cache   available
Mem:            15Gi       6.6Gi       1.6Gi       1.3Gi       8.8Gi       8.7Gi
Swap:          4.0Gi       1.0Mi       4.0Gi
Hard Disk:
Filesystem                      Size  Used Avail Use% Mounted on
dev                             7.7G     0  7.7G   0% /dev
run                             7.7G  2.2M  7.7G   1% /run
efivarfs                        196K   83K  109K  44% /sys/firmware/efi/efivars
/dev/mapper/ArchinstallVg-root  436G  105G  331G  24% /
tmpfs                           7.7G     0  7.7G   0% /dev/shm
tmpfs                           1.0M     0  1.0M   0% /run/credentials/systemd-journald.service
/dev/mapper/ArchinstallVg-root  436G  105G  331G  24% /.snapshots
/dev/mapper/ArchinstallVg-root  436G  105G  331G  24% /home
tmpfs                           7.7G  4.0K  7.7G   1% /tmp
/dev/mapper/ArchinstallVg-root  436G  105G  331G  24% /var/cache/pacman/pkg
/dev/mapper/ArchinstallVg-root  436G  105G  331G  24% /var/log
/dev/nvme0n1p1                 1022M  186M  837M  19% /boot
tmpfs                           1.6G   76K  1.6G   1% /run/user/1000
CPU:
%Cpu(s):  3.3 us,  1.7 sy,  0.0 ni, 93.3 id,  0.0 wa,  1.7 hi,  0.0 si,  0.0 st 
Intensitate utilizare retea:
        RX packets 9802106  bytes 12022386314 (11.1 GiB)
        RX packets 6125  bytes 488232 (476.7 KiB)
        RX packets 2070603  bytes 2329928171 (2.1 GiB)
sleep: invalid option -- '2'
Try 'sleep --help' for more information.
RAM:
               total        used        free      shared  buff/cache   available
Mem:            15Gi       6.6Gi       1.6Gi       1.3Gi       8.8Gi       8.7Gi
Swap:          4.0Gi       1.0Mi       4.0Gi
Hard Disk:
Filesystem                      Size  Used Avail Use% Mounted on
dev                             7.7G     0  7.7G   0% /dev
run                             7.7G  2.2M  7.7G   1% /run
efivarfs                        196K   83K  109K  44% /sys/firmware/efi/efivars
/dev/mapper/ArchinstallVg-root  436G  105G  331G  24% /
tmpfs                           7.7G     0  7.7G   0% /dev/shm
tmpfs                           1.0M     0  1.0M   0% /run/credentials/systemd-journald.service
/dev/mapper/ArchinstallVg-root  436G  105G  331G  24% /.snapshots
/dev/mapper/ArchinstallVg-root  436G  105G  331G  24% /home
tmpfs                           7.7G  4.0K  7.7G   1% /tmp
/dev/mapper/ArchinstallVg-root  436G  105G  331G  24% /var/cache/pacman/pkg
/dev/mapper/ArchinstallVg-root  436G  105G  331G  24% /var/log
/dev/nvme0n1p1                 1022M  186M  837M  19% /boot
tmpfs                           1.6G   76K  1.6G   1% /run/user/1000
CPU:
%Cpu(s):  2.4 us,  1.6 sy,  0.0 ni, 94.4 id,  0.0 wa,  1.6 hi,  0.0 si,  0.0 st 
Intensitate utilizare retea:
        RX packets 9802106  bytes 12022386314 (11.1 GiB)
        RX packets 6125  bytes 488232 (476.7 KiB)
        RX packets 2070605  bytes 2329928435 (2.1 GiB)
sleep: invalid option -- '2'
Try 'sleep --help' for more information.
RAM:
               total        used        free      shared  buff/cache   available
Mem:            15Gi       6.5Gi       1.6Gi       1.3Gi       8.8Gi       8.7Gi
Swap:          4.0Gi       1.0Mi       4.0Gi
Hard Disk:
Filesystem                      Size  Used Avail Use% Mounted on
dev                             7.7G     0  7.7G   0% /dev
run                             7.7G  2.2M  7.7G   1% /run
efivarfs                        196K   83K  109K  44% /sys/firmware/efi/efivars
/dev/mapper/ArchinstallVg-root  436G  105G  331G  24% /
tmpfs                           7.7G     0  7.7G   0% /dev/shm
tmpfs                           1.0M     0  1.0M   0% /run/credentials/systemd-journald.service
/dev/mapper/ArchinstallVg-root  436G  105G  331G  24% /.snapshots
/dev/mapper/ArchinstallVg-root  436G  105G  331G  24% /home
tmpfs                           7.7G  4.0K  7.7G   1% /tmp
/dev/mapper/ArchinstallVg-root  436G  105G  331G  24% /var/cache/pacman/pkg
/dev/mapper/ArchinstallVg-root  436G  105G  331G  24% /var/log
/dev/nvme0n1p1                 1022M  186M  837M  19% /boot
tmpfs                           1.6G   76K  1.6G   1% /run/user/1000
CPU:
%Cpu(s):  4.0 us,  1.6 sy,  0.0 ni, 92.7 id,  0.0 wa,  0.8 hi,  0.8 si,  0.0 st 
Intensitate utilizare retea:
        RX packets 9802106  bytes 12022386314 (11.1 GiB)
        RX packets 6125  bytes 488232 (476.7 KiB)
        RX packets 2070607  bytes 2329928603 (2.1 GiB)
sleep: invalid option -- '2'
Try 'sleep --help' for more information.
RAM:
               total        used        free      shared  buff/cache   available
Mem:            15Gi       6.6Gi       1.6Gi       1.3Gi       8.8Gi       8.7Gi
Swap:          4.0Gi       1.0Mi       4.0Gi
Hard Disk:
Filesystem                      Size  Used Avail Use% Mounted on
dev                             7.7G     0  7.7G   0% /dev
run                             7.7G  2.2M  7.7G   1% /run
efivarfs                        196K   83K  109K  44% /sys/firmware/efi/efivars
/dev/mapper/ArchinstallVg-root  436G  105G  331G  24% /
tmpfs                           7.7G     0  7.7G   0% /dev/shm
tmpfs                           1.0M     0  1.0M   0% /run/credentials/systemd-journald.service
/dev/mapper/ArchinstallVg-root  436G  105G  331G  24% /.snapshots
/dev/mapper/ArchinstallVg-root  436G  105G  331G  24% /home
tmpfs                           7.7G  4.0K  7.7G   1% /tmp
/dev/mapper/ArchinstallVg-root  436G  105G  331G  24% /var/cache/pacman/pkg
/dev/mapper/ArchinstallVg-root  436G  105G  331G  24% /var/log
/dev/nvme0n1p1                 1022M  186M  837M  19% /boot
tmpfs                           1.6G   76K  1.6G   1% /run/user/1000
CPU:
%Cpu(s):  8.1 us,  2.4 sy,  0.0 ni, 87.0 id,  0.0 wa,  1.6 hi,  0.8 si,  0.0 st 
Intensitate utilizare retea:
        RX packets 9802106  bytes 12022386314 (11.1 GiB)
        RX packets 6125  bytes 488232 (476.7 KiB)
        RX packets 2070609  bytes 2329928771 (2.1 GiB)
sleep: invalid option -- '2'
Try 'sleep --help' for more information.
RAM:
               total        used        free      shared  buff/cache   available
Mem:            15Gi       6.5Gi       1.6Gi       1.3Gi       8.8Gi       8.7Gi
Swap:          4.0Gi       1.0Mi       4.0Gi
Hard Disk:
Filesystem                      Size  Used Avail Use% Mounted on
dev                             7.7G     0  7.7G   0% /dev
run                             7.7G  2.2M  7.7G   1% /run
efivarfs                        196K   83K  109K  44% /sys/firmware/efi/efivars
/dev/mapper/ArchinstallVg-root  436G  105G  331G  24% /
tmpfs                           7.7G     0  7.7G   0% /dev/shm
tmpfs                           1.0M     0  1.0M   0% /run/credentials/systemd-journald.service
/dev/mapper/ArchinstallVg-root  436G  105G  331G  24% /.snapshots
/dev/mapper/ArchinstallVg-root  436G  105G  331G  24% /home
tmpfs                           7.7G  4.0K  7.7G   1% /tmp
/dev/mapper/ArchinstallVg-root  436G  105G  331G  24% /var/cache/pacman/pkg
/dev/mapper/ArchinstallVg-root  436G  105G  331G  24% /var/log
/dev/nvme0n1p1                 1022M  186M  837M  19% /boot
tmpfs                           1.6G   76K  1.6G   1% /run/user/1000
CPU:
%Cpu(s):  4.9 us,  1.6 sy,  0.0 ni, 91.9 id,  0.0 wa,  1.6 hi,  0.0 si,  0.0 st 
Intensitate utilizare retea:
        RX packets 9802106  bytes 12022386314 (11.1 GiB)
        RX packets 6125  bytes 488232 (476.7 KiB)
        RX packets 2070612  bytes 2329929055 (2.1 GiB)
sleep: invalid option -- '2'
Try 'sleep --help' for more information.
RAM:
               total        used        free      shared  buff/cache   available
Mem:            15Gi       6.6Gi       1.6Gi       1.3Gi       8.8Gi       8.7Gi
Swap:          4.0Gi       1.0Mi       4.0Gi
Hard Disk:
Filesystem                      Size  Used Avail Use% Mounted on
dev                             7.7G     0  7.7G   0% /dev
run                             7.7G  2.2M  7.7G   1% /run
efivarfs                        196K   83K  109K  44% /sys/firmware/efi/efivars
/dev/mapper/ArchinstallVg-root  436G  105G  331G  24% /
tmpfs                           7.7G     0  7.7G   0% /dev/shm
tmpfs                           1.0M     0  1.0M   0% /run/credentials/systemd-journald.service
/dev/mapper/ArchinstallVg-root  436G  105G  331G  24% /.snapshots
/dev/mapper/ArchinstallVg-root  436G  105G  331G  24% /home
tmpfs                           7.7G  4.0K  7.7G   1% /tmp
/dev/mapper/ArchinstallVg-root  436G  105G  331G  24% /var/cache/pacman/pkg
/dev/mapper/ArchinstallVg-root  436G  105G  331G  24% /var/log
/dev/nvme0n1p1                 1022M  186M  837M  19% /boot
tmpfs                           1.6G   76K  1.6G   1% /run/user/1000
CPU:
%Cpu(s):  2.4 us,  0.8 sy,  0.0 ni, 95.3 id,  0.0 wa,  1.6 hi,  0.0 si,  0.0 st 
Intensitate utilizare retea:
        RX packets 9802106  bytes 12022386314 (11.1 GiB)
        RX packets 6125  bytes 488232 (476.7 KiB)
        RX packets 2070625  bytes 2329930841 (2.1 GiB)
sleep: invalid option -- '2'
Try 'sleep --help' for more information.
RAM:
               total        used        free      shared  buff/cache   available
Mem:            15Gi       6.6Gi       1.6Gi       1.3Gi       8.8Gi       8.7Gi
Swap:          4.0Gi       1.0Mi       4.0Gi
Hard Disk:
Filesystem                      Size  Used Avail Use% Mounted on
dev                             7.7G     0  7.7G   0% /dev
run                             7.7G  2.2M  7.7G   1% /run
efivarfs                        196K   83K  109K  44% /sys/firmware/efi/efivars
/dev/mapper/ArchinstallVg-root  436G  105G  331G  24% /
tmpfs                           7.7G     0  7.7G   0% /dev/shm
tmpfs                           1.0M     0  1.0M   0% /run/credentials/systemd-journald.service
/dev/mapper/ArchinstallVg-root  436G  105G  331G  24% /.snapshots
/dev/mapper/ArchinstallVg-root  436G  105G  331G  24% /home
tmpfs                           7.7G  4.0K  7.7G   1% /tmp
/dev/mapper/ArchinstallVg-root  436G  105G  331G  24% /var/cache/pacman/pkg
/dev/mapper/ArchinstallVg-root  436G  105G  331G  24% /var/log
/dev/nvme0n1p1                 1022M  186M  837M  19% /boot
tmpfs                           1.6G   76K  1.6G   1% /run/user/1000
CPU:
%Cpu(s):  6.4 us,  1.6 sy,  0.0 ni, 89.6 id,  0.0 wa,  1.6 hi,  0.8 si,  0.0 st 
Intensitate utilizare retea:
        RX packets 9802106  bytes 12022386314 (11.1 GiB)
        RX packets 6125  bytes 488232 (476.7 KiB)
        RX packets 2070639  bytes 2329933994 (2.1 GiB)
sleep: invalid option -- '2'
Try 'sleep --help' for more information.
RAM:
               total        used        free      shared  buff/cache   available
Mem:            15Gi       6.6Gi       1.6Gi       1.3Gi       8.8Gi       8.7Gi
Swap:          4.0Gi       1.0Mi       4.0Gi
Hard Disk:
Filesystem                      Size  Used Avail Use% Mounted on
dev                             7.7G     0  7.7G   0% /dev
run                             7.7G  2.2M  7.7G   1% /run
efivarfs                        196K   83K  109K  44% /sys/firmware/efi/efivars
/dev/mapper/ArchinstallVg-root  436G  105G  331G  24% /
tmpfs                           7.7G     0  7.7G   0% /dev/shm
tmpfs                           1.0M     0  1.0M   0% /run/credentials/systemd-journald.service
/dev/mapper/ArchinstallVg-root  436G  105G  331G  24% /.snapshots
/dev/mapper/ArchinstallVg-root  436G  105G  331G  24% /home
tmpfs                           7.7G  4.0K  7.7G   1% /tmp
/dev/mapper/ArchinstallVg-root  436G  105G  331G  24% /var/cache/pacman/pkg
/dev/mapper/ArchinstallVg-root  436G  105G  331G  24% /var/log
/dev/nvme0n1p1                 1022M  186M  837M  19% /boot
tmpfs                           1.6G   76K  1.6G   1% /run/user/1000
CPU:
%Cpu(s):  5.4 us,  3.8 sy,  0.0 ni, 90.0 id,  0.0 wa,  0.0 hi,  0.8 si,  0.0 st 
Intensitate utilizare retea:
        RX packets 9802106  bytes 12022386314 (11.1 GiB)
        RX packets 6125  bytes 488232 (476.7 KiB)
        RX packets 2070653  bytes 2329936284 (2.1 GiB)
sleep: invalid option -- '2'
Try 'sleep --help' for more information.
RAM:
               total        used        free      shared  buff/cache   available
Mem:            15Gi       6.6Gi       1.6Gi       1.3Gi       8.8Gi       8.7Gi
Swap:          4.0Gi       1.0Mi       4.0Gi
Hard Disk:
Filesystem                      Size  Used Avail Use% Mounted on
dev                             7.7G     0  7.7G   0% /dev
run                             7.7G  2.2M  7.7G   1% /run
efivarfs                        196K   83K  109K  44% /sys/firmware/efi/efivars
/dev/mapper/ArchinstallVg-root  436G  105G  331G  24% /
tmpfs                           7.7G     0  7.7G   0% /dev/shm
tmpfs                           1.0M     0  1.0M   0% /run/credentials/systemd-journald.service
/dev/mapper/ArchinstallVg-root  436G  105G  331G  24% /.snapshots
/dev/mapper/ArchinstallVg-root  436G  105G  331G  24% /home
tmpfs                           7.7G  4.0K  7.7G   1% /tmp
/dev/mapper/ArchinstallVg-root  436G  105G  331G  24% /var/cache/pacman/pkg
/dev/mapper/ArchinstallVg-root  436G  105G  331G  24% /var/log
/dev/nvme0n1p1                 1022M  186M  837M  19% /boot
tmpfs                           1.6G   76K  1.6G   1% /run/user/1000
CPU:
%Cpu(s):  5.7 us,  5.7 sy,  2.4 ni, 85.4 id,  0.0 wa,  0.8 hi,  0.0 si,  0.0 st 
Intensitate utilizare retea:
        RX packets 9802106  bytes 12022386314 (11.1 GiB)
        RX packets 6125  bytes 488232 (476.7 KiB)
        RX packets 2070667  bytes 2329937783 (2.1 GiB)
sleep: invalid option -- '2'
Try 'sleep --help' for more information.
RAM:
               total        used        free      shared  buff/cache   available
Mem:            15Gi       6.6Gi       1.6Gi       1.3Gi       8.8Gi       8.7Gi
Swap:          4.0Gi       1.0Mi       4.0Gi
Hard Disk:
Filesystem                      Size  Used Avail Use% Mounted on
dev                             7.7G     0  7.7G   0% /dev
run                             7.7G  2.2M  7.7G   1% /run
efivarfs                        196K   83K  109K  44% /sys/firmware/efi/efivars
/dev/mapper/ArchinstallVg-root  436G  105G  331G  24% /
tmpfs                           7.7G     0  7.7G   0% /dev/shm
tmpfs                           1.0M     0  1.0M   0% /run/credentials/systemd-journald.service
/dev/mapper/ArchinstallVg-root  436G  105G  331G  24% /.snapshots
/dev/mapper/ArchinstallVg-root  436G  105G  331G  24% /home
tmpfs                           7.7G  4.0K  7.7G   1% /tmp
/dev/mapper/ArchinstallVg-root  436G  105G  331G  24% /var/cache/pacman/pkg
/dev/mapper/ArchinstallVg-root  436G  105G  331G  24% /var/log
/dev/nvme0n1p1                 1022M  186M  837M  19% /boot
tmpfs                           1.6G   76K  1.6G   1% /run/user/1000
CPU:
%Cpu(s):  7.4 us,  5.2 sy,  0.7 ni, 84.4 id,  2.2 wa,  0.0 hi,  0.0 si,  0.0 st 
Intensitate utilizare retea:
        RX packets 9802106  bytes 12022386314 (11.1 GiB)
        RX packets 6125  bytes 488232 (476.7 KiB)
        RX packets 2070678  bytes 2329938801 (2.1 GiB)
sleep: invalid option -- '2'
Try 'sleep --help' for more information.
RAM:
               total        used        free      shared  buff/cache   available
Mem:            15Gi       6.5Gi       1.6Gi       1.3Gi       8.8Gi       8.8Gi
Swap:          4.0Gi       1.0Mi       4.0Gi
Hard Disk:
Filesystem                      Size  Used Avail Use% Mounted on
dev                             7.7G     0  7.7G   0% /dev
run                             7.7G  2.2M  7.7G   1% /run
efivarfs                        196K   83K  109K  44% /sys/firmware/efi/efivars
/dev/mapper/ArchinstallVg-root  436G  105G  331G  24% /
tmpfs                           7.7G     0  7.7G   0% /dev/shm
tmpfs                           1.0M     0  1.0M   0% /run/credentials/systemd-journald.service
/dev/mapper/ArchinstallVg-root  436G  105G  331G  24% /.snapshots
/dev/mapper/ArchinstallVg-root  436G  105G  331G  24% /home
tmpfs                           7.7G  4.0K  7.7G   1% /tmp
/dev/mapper/ArchinstallVg-root  436G  105G  331G  24% /var/cache/pacman/pkg
/dev/mapper/ArchinstallVg-root  436G  105G  331G  24% /var/log
/dev/nvme0n1p1                 1022M  186M  837M  19% /boot
tmpfs                           1.6G   76K  1.6G   1% /run/user/1000
CPU:
%Cpu(s): 13.5 us,  3.8 sy,  0.0 ni, 82.0 id,  0.0 wa,  0.8 hi,  0.0 si,  0.0 st 
Intensitate utilizare retea:
        RX packets 9802106  bytes 12022386314 (11.1 GiB)
        RX packets 6125  bytes 488232 (476.7 KiB)
        RX packets 2070680  bytes 2329939025 (2.1 GiB)
sleep: invalid option -- '2'
Try 'sleep --help' for more information.
RAM:
               total        used        free      shared  buff/cache   available
Mem:            15Gi       6.5Gi       1.6Gi       1.3Gi       8.8Gi       8.7Gi
Swap:          4.0Gi       1.0Mi       4.0Gi
Hard Disk:
Filesystem                      Size  Used Avail Use% Mounted on
dev                             7.7G     0  7.7G   0% /dev
run                             7.7G  2.2M  7.7G   1% /run
efivarfs                        196K   83K  109K  44% /sys/firmware/efi/efivars
/dev/mapper/ArchinstallVg-root  436G  105G  331G  24% /
tmpfs                           7.7G     0  7.7G   0% /dev/shm
tmpfs                           1.0M     0  1.0M   0% /run/credentials/systemd-journald.service
/dev/mapper/ArchinstallVg-root  436G  105G  331G  24% /.snapshots
/dev/mapper/ArchinstallVg-root  436G  105G  331G  24% /home
tmpfs                           7.7G  4.0K  7.7G   1% /tmp
/dev/mapper/ArchinstallVg-root  436G  105G  331G  24% /var/cache/pacman/pkg
/dev/mapper/ArchinstallVg-root  436G  105G  331G  24% /var/log
/dev/nvme0n1p1                 1022M  186M  837M  19% /boot
tmpfs                           1.6G   76K  1.6G   1% /run/user/1000
CPU:
%Cpu(s):  9.2 us,  2.3 sy,  0.0 ni, 87.0 id,  0.0 wa,  0.8 hi,  0.8 si,  0.0 st 
Intensitate utilizare retea:
        RX packets 9802106  bytes 12022386314 (11.1 GiB)
        RX packets 6125  bytes 488232 (476.7 KiB)
        RX packets 2070684  bytes 2329939448 (2.1 GiB)
sleep: invalid option -- '2'
Try 'sleep --help' for more information.
RAM:
               total        used        free      shared  buff/cache   available
Mem:            15Gi       6.5Gi       1.6Gi       1.3Gi       8.8Gi       8.7Gi
Swap:          4.0Gi       1.0Mi       4.0Gi
Hard Disk:
Filesystem                      Size  Used Avail Use% Mounted on
dev                             7.7G     0  7.7G   0% /dev
run                             7.7G  2.2M  7.7G   1% /run
efivarfs                        196K   83K  109K  44% /sys/firmware/efi/efivars
/dev/mapper/ArchinstallVg-root  436G  105G  331G  24% /
tmpfs                           7.7G     0  7.7G   0% /dev/shm
tmpfs                           1.0M     0  1.0M   0% /run/credentials/systemd-journald.service
/dev/mapper/ArchinstallVg-root  436G  105G  331G  24% /.snapshots
/dev/mapper/ArchinstallVg-root  436G  105G  331G  24% /home
